<?xml version="1.0" encoding="ISO-8859-1" ?>
<link_info>
   <banner>TMS320C2000 Linker PC v20.2.3.LTS</banner>
   <copyright>Copyright (c) 1996-2018 Texas Instruments Incorporated</copyright>
   <link_time>0x5fa72dfc</link_time>
   <link_errors>0x0</link_errors>
   <output_file>Agora_Vai_Funfar.out</output_file>
   <entry_point>
      <name>_c_int00</name>
      <address>0x3f777c</address>
   </entry_point>
   <input_file_list>
      <input_file id="fl-2">
         <path>.\</path>
         <kind>object</kind>
         <file>F2802x_GlobalVariableDefs.obj</file>
         <name>F2802x_GlobalVariableDefs.obj</name>
      </input_file>
      <input_file id="fl-3">
         <path>.\</path>
         <kind>object</kind>
         <file>f2802x_adc.obj</file>
         <name>f2802x_adc.obj</name>
      </input_file>
      <input_file id="fl-4">
         <path>.\</path>
         <kind>object</kind>
         <file>f2802x_codestartbranch.obj</file>
         <name>f2802x_codestartbranch.obj</name>
      </input_file>
      <input_file id="fl-5">
         <path>.\</path>
         <kind>object</kind>
         <file>f2802x_cputimers.obj</file>
         <name>f2802x_cputimers.obj</name>
      </input_file>
      <input_file id="fl-6">
         <path>.\</path>
         <kind>object</kind>
         <file>f2802x_defaultisr.obj</file>
         <name>f2802x_defaultisr.obj</name>
      </input_file>
      <input_file id="fl-7">
         <path>.\</path>
         <kind>object</kind>
         <file>f2802x_epwm.obj</file>
         <name>f2802x_epwm.obj</name>
      </input_file>
      <input_file id="fl-8">
         <path>.\</path>
         <kind>object</kind>
         <file>f2802x_gpio.obj</file>
         <name>f2802x_gpio.obj</name>
      </input_file>
      <input_file id="fl-9">
         <path>.\</path>
         <kind>object</kind>
         <file>f2802x_piectrl.obj</file>
         <name>f2802x_piectrl.obj</name>
      </input_file>
      <input_file id="fl-a">
         <path>.\</path>
         <kind>object</kind>
         <file>f2802x_pievect.obj</file>
         <name>f2802x_pievect.obj</name>
      </input_file>
      <input_file id="fl-b">
         <path>.\</path>
         <kind>object</kind>
         <file>f2802x_sci.obj</file>
         <name>f2802x_sci.obj</name>
      </input_file>
      <input_file id="fl-c">
         <path>.\</path>
         <kind>object</kind>
         <file>f2802x_sysctrl.obj</file>
         <name>f2802x_sysctrl.obj</name>
      </input_file>
      <input_file id="fl-d">
         <path>.\</path>
         <kind>object</kind>
         <file>f2802x_usdelay.obj</file>
         <name>f2802x_usdelay.obj</name>
      </input_file>
      <input_file id="fl-e">
         <path>.\</path>
         <kind>object</kind>
         <file>main.obj</file>
         <name>main.obj</name>
      </input_file>
      <input_file id="fl-13">
         <kind>object</kind>
         <file>&lt;internal&gt;</file>
         <name>&lt;internal&gt;</name>
      </input_file>
      <input_file id="fl-1f">
         <path>C:\ti\ccs1011\ccs\tools\compiler\ti-cgt-c2000_20.2.3.LTS\lib\</path>
         <kind>archive</kind>
         <file>rts2800_ml.lib</file>
         <name>boot28.asm.obj</name>
      </input_file>
      <input_file id="fl-20">
         <path>C:\ti\ccs1011\ccs\tools\compiler\ti-cgt-c2000_20.2.3.LTS\lib\</path>
         <kind>archive</kind>
         <file>rts2800_ml.lib</file>
         <name>fs_add28.asm.obj</name>
      </input_file>
      <input_file id="fl-21">
         <path>C:\ti\ccs1011\ccs\tools\compiler\ti-cgt-c2000_20.2.3.LTS\lib\</path>
         <kind>archive</kind>
         <file>rts2800_ml.lib</file>
         <name>fs_cmp28.asm.obj</name>
      </input_file>
      <input_file id="fl-22">
         <path>C:\ti\ccs1011\ccs\tools\compiler\ti-cgt-c2000_20.2.3.LTS\lib\</path>
         <kind>archive</kind>
         <file>rts2800_ml.lib</file>
         <name>fs_div28.asm.obj</name>
      </input_file>
      <input_file id="fl-23">
         <path>C:\ti\ccs1011\ccs\tools\compiler\ti-cgt-c2000_20.2.3.LTS\lib\</path>
         <kind>archive</kind>
         <file>rts2800_ml.lib</file>
         <name>fs_mpy28.asm.obj</name>
      </input_file>
      <input_file id="fl-24">
         <path>C:\ti\ccs1011\ccs\tools\compiler\ti-cgt-c2000_20.2.3.LTS\lib\</path>
         <kind>archive</kind>
         <file>rts2800_ml.lib</file>
         <name>fs_toi28.asm.obj</name>
      </input_file>
      <input_file id="fl-25">
         <path>C:\ti\ccs1011\ccs\tools\compiler\ti-cgt-c2000_20.2.3.LTS\lib\</path>
         <kind>archive</kind>
         <file>rts2800_ml.lib</file>
         <name>fs_tol28.asm.obj</name>
      </input_file>
      <input_file id="fl-26">
         <path>C:\ti\ccs1011\ccs\tools\compiler\ti-cgt-c2000_20.2.3.LTS\lib\</path>
         <kind>archive</kind>
         <file>rts2800_ml.lib</file>
         <name>i_div28.asm.obj</name>
      </input_file>
      <input_file id="fl-27">
         <path>C:\ti\ccs1011\ccs\tools\compiler\ti-cgt-c2000_20.2.3.LTS\lib\</path>
         <kind>archive</kind>
         <file>rts2800_ml.lib</file>
         <name>u_tofs28.asm.obj</name>
      </input_file>
      <input_file id="fl-28">
         <path>C:\ti\ccs1011\ccs\tools\compiler\ti-cgt-c2000_20.2.3.LTS\lib\</path>
         <kind>archive</kind>
         <file>rts2800_ml.lib</file>
         <name>cpy_tbl.c.obj</name>
      </input_file>
      <input_file id="fl-29">
         <path>C:\ti\ccs1011\ccs\tools\compiler\ti-cgt-c2000_20.2.3.LTS\lib\</path>
         <kind>archive</kind>
         <file>rts2800_ml.lib</file>
         <name>memcpy.c.obj</name>
      </input_file>
      <input_file id="fl-2a">
         <path>C:\ti\ccs1011\ccs\tools\compiler\ti-cgt-c2000_20.2.3.LTS\lib\</path>
         <kind>archive</kind>
         <file>rts2800_ml.lib</file>
         <name>pre_init.c.obj</name>
      </input_file>
      <input_file id="fl-2b">
         <path>C:\ti\ccs1011\ccs\tools\compiler\ti-cgt-c2000_20.2.3.LTS\lib\</path>
         <kind>archive</kind>
         <file>rts2800_ml.lib</file>
         <name>startup.c.obj</name>
      </input_file>
      <input_file id="fl-2c">
         <path>C:\ti\ccs1011\ccs\tools\compiler\ti-cgt-c2000_20.2.3.LTS\lib\</path>
         <kind>archive</kind>
         <file>rts2800_ml.lib</file>
         <name>exit.c.obj</name>
      </input_file>
      <input_file id="fl-2d">
         <path>C:\ti\ccs1011\ccs\tools\compiler\ti-cgt-c2000_20.2.3.LTS\lib\</path>
         <kind>archive</kind>
         <file>rts2800_ml.lib</file>
         <name>_lock.c.obj</name>
      </input_file>
      <input_file id="fl-2e">
         <path>C:\ti\ccs1011\ccs\tools\compiler\ti-cgt-c2000_20.2.3.LTS\lib\</path>
         <kind>archive</kind>
         <file>rts2800_ml.lib</file>
         <name>args_main.c.obj</name>
      </input_file>
      <input_file id="fl-2f">
         <path>C:\ti\ccs1011\ccs\tools\compiler\ti-cgt-c2000_20.2.3.LTS\lib\</path>
         <kind>archive</kind>
         <file>rts2800_ml.lib</file>
         <name>atoi.c.obj</name>
      </input_file>
      <input_file id="fl-30">
         <path>C:\ti\ccs1011\ccs\tools\compiler\ti-cgt-c2000_20.2.3.LTS\lib\</path>
         <kind>archive</kind>
         <file>rts2800_ml.lib</file>
         <name>ctype.c.obj</name>
      </input_file>
      <input_file id="fl-31">
         <path>C:\ti\ccs1011\ccs\tools\compiler\ti-cgt-c2000_20.2.3.LTS\lib\</path>
         <kind>archive</kind>
         <file>rts2800_ml.lib</file>
         <name>strlen.c.obj</name>
      </input_file>
   </input_file_list>
   <object_component_list>
      <object_component id="oc-58">
         <name>PieVectTableFile</name>
         <uninitialized>true</uninitialized>
         <run_address>0xd00</run_address>
         <size>0x100</size>
         <input_file_ref idref="fl-2"/>
      </object_component>
      <object_component id="oc-39">
         <name>EmuKeyVar</name>
         <uninitialized>true</uninitialized>
         <run_address>0xd00</run_address>
         <size>0x1</size>
         <input_file_ref idref="fl-2"/>
      </object_component>
      <object_component id="oc-3a">
         <name>EmuBModeVar</name>
         <uninitialized>true</uninitialized>
         <run_address>0xd01</run_address>
         <size>0x1</size>
         <input_file_ref idref="fl-2"/>
      </object_component>
      <object_component id="oc-3c">
         <name>FlashCallbackVar</name>
         <uninitialized>true</uninitialized>
         <run_address>0xd02</run_address>
         <size>0x2</size>
         <input_file_ref idref="fl-2"/>
      </object_component>
      <object_component id="oc-3b">
         <name>FlashScalingVar</name>
         <uninitialized>true</uninitialized>
         <run_address>0xd04</run_address>
         <size>0x2</size>
         <input_file_ref idref="fl-2"/>
      </object_component>
      <object_component id="oc-3e">
         <name>DevEmuRegsFile</name>
         <uninitialized>true</uninitialized>
         <run_address>0x880</run_address>
         <size>0x4</size>
         <input_file_ref idref="fl-2"/>
      </object_component>
      <object_component id="oc-3d">
         <name>SysPwrCtrlRegsFile</name>
         <uninitialized>true</uninitialized>
         <run_address>0x985</run_address>
         <size>0x3</size>
         <input_file_ref idref="fl-2"/>
      </object_component>
      <object_component id="oc-43">
         <name>FlashRegsFile</name>
         <uninitialized>true</uninitialized>
         <run_address>0xa80</run_address>
         <size>0x8</size>
         <input_file_ref idref="fl-2"/>
      </object_component>
      <object_component id="oc-45">
         <name>CsmRegsFile</name>
         <uninitialized>true</uninitialized>
         <run_address>0xae0</run_address>
         <size>0x10</size>
         <input_file_ref idref="fl-2"/>
      </object_component>
      <object_component id="oc-4e">
         <name>AdcResultFile</name>
         <uninitialized>true</uninitialized>
         <run_address>0xb00</run_address>
         <size>0x20</size>
         <input_file_ref idref="fl-2"/>
      </object_component>
      <object_component id="oc-3f">
         <name>CpuTimer0RegsFile</name>
         <uninitialized>true</uninitialized>
         <run_address>0xc00</run_address>
         <size>0x8</size>
         <input_file_ref idref="fl-2"/>
      </object_component>
      <object_component id="oc-40">
         <name>CpuTimer1RegsFile</name>
         <uninitialized>true</uninitialized>
         <run_address>0xc08</run_address>
         <size>0x8</size>
         <input_file_ref idref="fl-2"/>
      </object_component>
      <object_component id="oc-41">
         <name>CpuTimer2RegsFile</name>
         <uninitialized>true</uninitialized>
         <run_address>0xc10</run_address>
         <size>0x8</size>
         <input_file_ref idref="fl-2"/>
      </object_component>
      <object_component id="oc-4c">
         <name>PieCtrlRegsFile</name>
         <uninitialized>true</uninitialized>
         <run_address>0xce0</run_address>
         <size>0x1a</size>
         <input_file_ref idref="fl-2"/>
      </object_component>
      <object_component id="oc-4f">
         <name>ECap1RegsFile</name>
         <uninitialized>true</uninitialized>
         <run_address>0x6a00</run_address>
         <size>0x20</size>
         <input_file_ref idref="fl-2"/>
      </object_component>
      <object_component id="oc-56">
         <name>GpioCtrlRegsFile</name>
         <uninitialized>true</uninitialized>
         <run_address>0x6f80</run_address>
         <size>0x40</size>
         <input_file_ref idref="fl-2"/>
      </object_component>
      <object_component id="oc-50">
         <name>GpioDataRegsFile</name>
         <uninitialized>true</uninitialized>
         <run_address>0x6fc0</run_address>
         <size>0x20</size>
         <input_file_ref idref="fl-2"/>
      </object_component>
      <object_component id="oc-44">
         <name>GpioIntRegsFile</name>
         <uninitialized>true</uninitialized>
         <run_address>0x6fe0</run_address>
         <size>0xa</size>
         <input_file_ref idref="fl-2"/>
      </object_component>
      <object_component id="oc-4d">
         <name>SysCtrlRegsFile</name>
         <uninitialized>true</uninitialized>
         <run_address>0x7010</run_address>
         <size>0x1f</size>
         <input_file_ref idref="fl-2"/>
      </object_component>
      <object_component id="oc-48">
         <name>SpiaRegsFile</name>
         <uninitialized>true</uninitialized>
         <run_address>0x7040</run_address>
         <size>0x10</size>
         <input_file_ref idref="fl-2"/>
      </object_component>
      <object_component id="oc-47">
         <name>SciaRegsFile</name>
         <uninitialized>true</uninitialized>
         <run_address>0x7050</run_address>
         <size>0x10</size>
         <input_file_ref idref="fl-2"/>
      </object_component>
      <object_component id="oc-46">
         <name>NmiIntruptRegsFile</name>
         <uninitialized>true</uninitialized>
         <run_address>0x7060</run_address>
         <size>0x10</size>
         <input_file_ref idref="fl-2"/>
      </object_component>
      <object_component id="oc-49">
         <name>XIntruptRegsFile</name>
         <uninitialized>true</uninitialized>
         <run_address>0x7070</run_address>
         <size>0x10</size>
         <input_file_ref idref="fl-2"/>
      </object_component>
      <object_component id="oc-57">
         <name>AdcRegsFile</name>
         <uninitialized>true</uninitialized>
         <run_address>0x7100</run_address>
         <size>0x51</size>
         <input_file_ref idref="fl-2"/>
      </object_component>
      <object_component id="oc-51">
         <name>I2caRegsFile</name>
         <uninitialized>true</uninitialized>
         <run_address>0x7900</run_address>
         <size>0x22</size>
         <input_file_ref idref="fl-2"/>
      </object_component>
      <object_component id="oc-4a">
         <name>Comp1RegsFile</name>
         <uninitialized>true</uninitialized>
         <run_address>0x6400</run_address>
         <size>0x11</size>
         <input_file_ref idref="fl-2"/>
      </object_component>
      <object_component id="oc-4b">
         <name>Comp2RegsFile</name>
         <uninitialized>true</uninitialized>
         <run_address>0x6420</run_address>
         <size>0x11</size>
         <input_file_ref idref="fl-2"/>
      </object_component>
      <object_component id="oc-52">
         <name>EPwm1RegsFile</name>
         <uninitialized>true</uninitialized>
         <run_address>0x6800</run_address>
         <size>0x40</size>
         <input_file_ref idref="fl-2"/>
      </object_component>
      <object_component id="oc-53">
         <name>EPwm2RegsFile</name>
         <uninitialized>true</uninitialized>
         <run_address>0x6840</run_address>
         <size>0x40</size>
         <input_file_ref idref="fl-2"/>
      </object_component>
      <object_component id="oc-54">
         <name>EPwm3RegsFile</name>
         <uninitialized>true</uninitialized>
         <run_address>0x6880</run_address>
         <size>0x40</size>
         <input_file_ref idref="fl-2"/>
      </object_component>
      <object_component id="oc-55">
         <name>EPwm4RegsFile</name>
         <uninitialized>true</uninitialized>
         <run_address>0x68c0</run_address>
         <size>0x40</size>
         <input_file_ref idref="fl-2"/>
      </object_component>
      <object_component id="oc-42">
         <name>CsmPwlFile</name>
         <uninitialized>true</uninitialized>
         <run_address>0x3f7ff8</run_address>
         <size>0x8</size>
         <input_file_ref idref="fl-2"/>
      </object_component>
      <object_component id="oc-38">
         <name>PartIdRegsFile</name>
         <uninitialized>true</uninitialized>
         <run_address>0x3d7fff</run_address>
         <size>0x1</size>
         <input_file_ref idref="fl-2"/>
      </object_component>
      <object_component id="oc-60">
         <name>codestart</name>
         <load_address>0x3f7ff6</load_address>
         <run_address>0x3f7ff6</run_address>
         <size>0x2</size>
         <input_file_ref idref="fl-4"/>
      </object_component>
      <object_component id="oc-10d">
         <name>ramfuncs</name>
         <load_address>0x3f7000</load_address>
         <run_address>0x50</run_address>
         <size>0x97</size>
         <input_file_ref idref="fl-e"/>
      </object_component>
      <object_component id="oc-97">
         <name>ramfuncs:retain</name>
         <load_address>0x3f7097</load_address>
         <run_address>0xe7</run_address>
         <size>0x4f</size>
         <input_file_ref idref="fl-e"/>
      </object_component>
      <object_component id="oc-10c">
         <name>ramfuncs</name>
         <load_address>0x3f70e6</load_address>
         <run_address>0x136</run_address>
         <size>0x1b</size>
         <input_file_ref idref="fl-c"/>
      </object_component>
      <object_component id="oc-8f">
         <name>ramfuncs</name>
         <load_address>0x3f7101</load_address>
         <run_address>0x151</run_address>
         <size>0x4</size>
         <input_file_ref idref="fl-d"/>
      </object_component>
      <object_component id="oc-95">
         <name>.cinit</name>
         <load_address>0x3f7bc0</load_address>
         <run_address>0x3f7bc0</run_address>
         <size>0x66</size>
         <input_file_ref idref="fl-e"/>
      </object_component>
      <object_component id="oc-e0">
         <name>.cinit</name>
         <load_address>0x3f7c26</load_address>
         <run_address>0x3f7c26</run_address>
         <size>0xe</size>
         <input_file_ref idref="fl-2c"/>
      </object_component>
      <object_component id="oc-105">
         <name>.cinit:__lock</name>
         <load_address>0x3f7c34</load_address>
         <run_address>0x3f7c34</run_address>
         <size>0x5</size>
         <input_file_ref idref="fl-2d"/>
      </object_component>
      <object_component id="oc-112">
         <name>.cinit:__unlock</name>
         <load_address>0x3f7c39</load_address>
         <run_address>0x3f7c39</run_address>
         <size>0x5</size>
         <input_file_ref idref="fl-2d"/>
      </object_component>
      <object_component id="oc-103">
         <name>.text</name>
         <load_address>0x3f7105</load_address>
         <run_address>0x3f7105</run_address>
         <size>0x268</size>
         <input_file_ref idref="fl-e"/>
      </object_component>
      <object_component id="oc-108">
         <name>.text</name>
         <load_address>0x3f736d</load_address>
         <run_address>0x3f736d</run_address>
         <size>0x13a</size>
         <input_file_ref idref="fl-c"/>
      </object_component>
      <object_component id="oc-6c">
         <name>.text:retain</name>
         <load_address>0x3f74a7</load_address>
         <run_address>0x3f74a7</run_address>
         <size>0xff</size>
         <input_file_ref idref="fl-6"/>
      </object_component>
      <object_component id="oc-ad">
         <name>.text</name>
         <load_address>0x3f75a6</load_address>
         <run_address>0x3f75a6</run_address>
         <size>0x83</size>
         <input_file_ref idref="fl-22"/>
      </object_component>
      <object_component id="oc-107">
         <name>.text</name>
         <load_address>0x3f7629</load_address>
         <run_address>0x3f7629</run_address>
         <size>0x81</size>
         <input_file_ref idref="fl-7"/>
      </object_component>
      <object_component id="oc-a3">
         <name>.text</name>
         <load_address>0x3f76aa</load_address>
         <run_address>0x3f76aa</run_address>
         <size>0x78</size>
         <input_file_ref idref="fl-20"/>
      </object_component>
      <object_component id="oc-b2">
         <name>.text</name>
         <load_address>0x3f7722</load_address>
         <run_address>0x3f7722</run_address>
         <size>0x5a</size>
         <input_file_ref idref="fl-23"/>
      </object_component>
      <object_component id="oc-36">
         <name>.text</name>
         <load_address>0x3f777c</load_address>
         <run_address>0x3f777c</run_address>
         <size>0x54</size>
         <input_file_ref idref="fl-1f"/>
      </object_component>
      <object_component id="oc-110">
         <name>.text</name>
         <load_address>0x3f77d0</load_address>
         <run_address>0x3f77d0</run_address>
         <size>0x31</size>
         <input_file_ref idref="fl-2f"/>
      </object_component>
      <object_component id="oc-100">
         <name>.text</name>
         <load_address>0x3f7801</load_address>
         <run_address>0x3f7801</run_address>
         <size>0x29</size>
         <input_file_ref idref="fl-2c"/>
      </object_component>
      <object_component id="oc-bc">
         <name>.text</name>
         <load_address>0x3f782a</load_address>
         <run_address>0x3f782a</run_address>
         <size>0x29</size>
         <input_file_ref idref="fl-25"/>
      </object_component>
      <object_component id="oc-10a">
         <name>.text</name>
         <load_address>0x3f7853</load_address>
         <run_address>0x3f7853</run_address>
         <size>0x28</size>
         <input_file_ref idref="fl-9"/>
      </object_component>
      <object_component id="oc-10b">
         <name>.text</name>
         <load_address>0x3f787b</load_address>
         <run_address>0x3f787b</run_address>
         <size>0x26</size>
         <input_file_ref idref="fl-a"/>
      </object_component>
      <object_component id="oc-b7">
         <name>.text</name>
         <load_address>0x3f78a1</load_address>
         <run_address>0x3f78a1</run_address>
         <size>0x25</size>
         <input_file_ref idref="fl-24"/>
      </object_component>
      <object_component id="oc-fd">
         <name>.text</name>
         <load_address>0x3f78c6</load_address>
         <run_address>0x3f78c6</run_address>
         <size>0x24</size>
         <input_file_ref idref="fl-28"/>
      </object_component>
      <object_component id="oc-c1">
         <name>.text</name>
         <load_address>0x3f78ea</load_address>
         <run_address>0x3f78ea</run_address>
         <size>0x22</size>
         <input_file_ref idref="fl-26"/>
      </object_component>
      <object_component id="oc-102">
         <name>.text</name>
         <load_address>0x3f790c</load_address>
         <run_address>0x3f790c</run_address>
         <size>0x1d</size>
         <input_file_ref idref="fl-29"/>
      </object_component>
      <object_component id="oc-106">
         <name>.text</name>
         <load_address>0x3f7929</load_address>
         <run_address>0x3f7929</run_address>
         <size>0x1a</size>
         <input_file_ref idref="fl-b"/>
      </object_component>
      <object_component id="oc-a8">
         <name>.text</name>
         <load_address>0x3f7943</load_address>
         <run_address>0x3f7943</run_address>
         <size>0x17</size>
         <input_file_ref idref="fl-21"/>
      </object_component>
      <object_component id="oc-109">
         <name>.text</name>
         <load_address>0x3f795a</load_address>
         <run_address>0x3f795a</run_address>
         <size>0x13</size>
         <input_file_ref idref="fl-8"/>
      </object_component>
      <object_component id="oc-ff">
         <name>.text</name>
         <load_address>0x3f796d</load_address>
         <run_address>0x3f796d</run_address>
         <size>0x11</size>
         <input_file_ref idref="fl-2e"/>
      </object_component>
      <object_component id="oc-c6">
         <name>.text</name>
         <load_address>0x3f797e</load_address>
         <run_address>0x3f797e</run_address>
         <size>0x10</size>
         <input_file_ref idref="fl-27"/>
      </object_component>
      <object_component id="oc-111">
         <name>.text</name>
         <load_address>0x3f798e</load_address>
         <run_address>0x3f798e</run_address>
         <size>0x9</size>
         <input_file_ref idref="fl-2d"/>
      </object_component>
      <object_component id="oc-5f">
         <name>.text</name>
         <load_address>0x3f7997</load_address>
         <run_address>0x3f7997</run_address>
         <size>0x8</size>
         <input_file_ref idref="fl-4"/>
      </object_component>
      <object_component id="oc-114">
         <name>.text</name>
         <load_address>0x3f799f</load_address>
         <run_address>0x3f799f</run_address>
         <size>0x8</size>
         <input_file_ref idref="fl-31"/>
      </object_component>
      <object_component id="oc-fc">
         <name>.text</name>
         <load_address>0x3f79a7</load_address>
         <run_address>0x3f79a7</run_address>
         <size>0x2</size>
         <input_file_ref idref="fl-2a"/>
      </object_component>
      <object_component id="oc-fe">
         <name>.text</name>
         <load_address>0x3f79a9</load_address>
         <run_address>0x3f79a9</run_address>
         <size>0x1</size>
         <input_file_ref idref="fl-2b"/>
      </object_component>
      <object_component id="oc-9d">
         <name>.stack</name>
         <uninitialized>true</uninitialized>
         <run_address>0x400</run_address>
         <size>0x0</size>
         <input_file_ref idref="fl-1f"/>
      </object_component>
      <object_component id="oc-154">
         <name>.stack</name>
         <uninitialized>true</uninitialized>
         <run_address>0x400</run_address>
         <size>0x0</size>
      </object_component>
      <object_component id="oc-96">
         <name>.ebss</name>
         <uninitialized>true</uninitialized>
         <run_address>0x700</run_address>
         <size>0x22</size>
         <input_file_ref idref="fl-e"/>
      </object_component>
      <object_component id="oc-66">
         <name>.ebss</name>
         <uninitialized>true</uninitialized>
         <run_address>0x722</run_address>
         <size>0x18</size>
         <input_file_ref idref="fl-5"/>
      </object_component>
      <object_component id="oc-e1">
         <name>.ebss</name>
         <uninitialized>true</uninitialized>
         <run_address>0x73a</run_address>
         <size>0x6</size>
         <input_file_ref idref="fl-2c"/>
      </object_component>
      <object_component id="oc-101">
         <name>.ebss:_charUSART</name>
         <uninitialized>true</uninitialized>
         <run_address>0x740</run_address>
         <size>0x10</size>
         <input_file_ref idref="fl-e"/>
      </object_component>
      <object_component id="oc-10f">
         <name>.ebss:_duty_c</name>
         <uninitialized>true</uninitialized>
         <run_address>0x750</run_address>
         <size>0x5</size>
         <input_file_ref idref="fl-e"/>
      </object_component>
      <object_component id="oc-10e">
         <name>.ebss:_s</name>
         <uninitialized>true</uninitialized>
         <run_address>0x755</run_address>
         <size>0x4</size>
         <input_file_ref idref="fl-e"/>
      </object_component>
      <object_component id="oc-104">
         <name>.ebss:__lock</name>
         <uninitialized>true</uninitialized>
         <run_address>0x75a</run_address>
         <size>0x2</size>
         <input_file_ref idref="fl-2d"/>
      </object_component>
      <object_component id="oc-116">
         <name>.ebss:__unlock</name>
         <uninitialized>true</uninitialized>
         <run_address>0x75c</run_address>
         <size>0x2</size>
         <input_file_ref idref="fl-2d"/>
      </object_component>
      <object_component id="oc-115">
         <name>.econst:.string:__ctypes_</name>
         <load_address>0x3f79aa</load_address>
         <run_address>0x3f79aa</run_address>
         <size>0x101</size>
         <input_file_ref idref="fl-30"/>
      </object_component>
      <object_component id="oc-113">
         <name>.econst:_PieVectTableInit</name>
         <load_address>0x3f7aac</load_address>
         <run_address>0x3f7aac</run_address>
         <size>0x100</size>
         <input_file_ref idref="fl-a"/>
      </object_component>
      <object_component id="oc-98">
         <name>.econst:.string</name>
         <load_address>0x3f7bac</load_address>
         <run_address>0x3f7bac</run_address>
         <size>0x14</size>
         <input_file_ref idref="fl-e"/>
      </object_component>
      <object_component id="oc-9e">
         <name>.reset</name>
         <load_address>0x3fffc0</load_address>
         <run_address>0x3fffc0</run_address>
         <size>0x2</size>
         <input_file_ref idref="fl-1f"/>
      </object_component>
      <object_component id="oc-37">
         <name>.debug_info</name>
         <load_address>0x0</load_address>
         <run_address>0x0</run_address>
         <size>0xb0c0</size>
         <input_file_ref idref="fl-2"/>
      </object_component>
      <object_component id="oc-5a">
         <name>.debug_info</name>
         <load_address>0xb0c0</load_address>
         <run_address>0xb0c0</run_address>
         <size>0x3d48</size>
         <input_file_ref idref="fl-3"/>
      </object_component>
      <object_component id="oc-62">
         <name>.debug_info</name>
         <load_address>0xee08</load_address>
         <run_address>0xee08</run_address>
         <size>0x11f</size>
         <input_file_ref idref="fl-4"/>
      </object_component>
      <object_component id="oc-65">
         <name>.debug_info</name>
         <load_address>0xef27</load_address>
         <run_address>0xef27</run_address>
         <size>0x7d0</size>
         <input_file_ref idref="fl-5"/>
      </object_component>
      <object_component id="oc-6b">
         <name>.debug_info</name>
         <load_address>0xf6f7</load_address>
         <run_address>0xf6f7</run_address>
         <size>0x144d</size>
         <input_file_ref idref="fl-6"/>
      </object_component>
      <object_component id="oc-71">
         <name>.debug_info</name>
         <load_address>0x10b44</load_address>
         <run_address>0x10b44</run_address>
         <size>0x16b5</size>
         <input_file_ref idref="fl-7"/>
      </object_component>
      <object_component id="oc-76">
         <name>.debug_info</name>
         <load_address>0x121f9</load_address>
         <run_address>0x121f9</run_address>
         <size>0x13f4</size>
         <input_file_ref idref="fl-8"/>
      </object_component>
      <object_component id="oc-7b">
         <name>.debug_info</name>
         <load_address>0x135ed</load_address>
         <run_address>0x135ed</run_address>
         <size>0xab0</size>
         <input_file_ref idref="fl-9"/>
      </object_component>
      <object_component id="oc-80">
         <name>.debug_info</name>
         <load_address>0x1409d</load_address>
         <run_address>0x1409d</run_address>
         <size>0x1eac</size>
         <input_file_ref idref="fl-a"/>
      </object_component>
      <object_component id="oc-85">
         <name>.debug_info</name>
         <load_address>0x15f49</load_address>
         <run_address>0x15f49</run_address>
         <size>0x14ab</size>
         <input_file_ref idref="fl-b"/>
      </object_component>
      <object_component id="oc-8a">
         <name>.debug_info</name>
         <load_address>0x173f4</load_address>
         <run_address>0x173f4</run_address>
         <size>0x2f0c</size>
         <input_file_ref idref="fl-c"/>
      </object_component>
      <object_component id="oc-91">
         <name>.debug_info</name>
         <load_address>0x1a300</load_address>
         <run_address>0x1a300</run_address>
         <size>0xea</size>
         <input_file_ref idref="fl-d"/>
      </object_component>
      <object_component id="oc-94">
         <name>.debug_info</name>
         <load_address>0x1a3ea</load_address>
         <run_address>0x1a3ea</run_address>
         <size>0x8209</size>
         <input_file_ref idref="fl-e"/>
      </object_component>
      <object_component id="oc-9f">
         <name>.debug_info</name>
         <load_address>0x225f3</load_address>
         <run_address>0x225f3</run_address>
         <size>0x173</size>
         <input_file_ref idref="fl-1f"/>
      </object_component>
      <object_component id="oc-a4">
         <name>.debug_info</name>
         <load_address>0x22766</load_address>
         <run_address>0x22766</run_address>
         <size>0x114</size>
         <input_file_ref idref="fl-20"/>
      </object_component>
      <object_component id="oc-a9">
         <name>.debug_info</name>
         <load_address>0x2287a</load_address>
         <run_address>0x2287a</run_address>
         <size>0x114</size>
         <input_file_ref idref="fl-21"/>
      </object_component>
      <object_component id="oc-ae">
         <name>.debug_info</name>
         <load_address>0x2298e</load_address>
         <run_address>0x2298e</run_address>
         <size>0x114</size>
         <input_file_ref idref="fl-22"/>
      </object_component>
      <object_component id="oc-b3">
         <name>.debug_info</name>
         <load_address>0x22aa2</load_address>
         <run_address>0x22aa2</run_address>
         <size>0x114</size>
         <input_file_ref idref="fl-23"/>
      </object_component>
      <object_component id="oc-b8">
         <name>.debug_info</name>
         <load_address>0x22bb6</load_address>
         <run_address>0x22bb6</run_address>
         <size>0x120</size>
         <input_file_ref idref="fl-24"/>
      </object_component>
      <object_component id="oc-bd">
         <name>.debug_info</name>
         <load_address>0x22cd6</load_address>
         <run_address>0x22cd6</run_address>
         <size>0x120</size>
         <input_file_ref idref="fl-25"/>
      </object_component>
      <object_component id="oc-c2">
         <name>.debug_info</name>
         <load_address>0x22df6</load_address>
         <run_address>0x22df6</run_address>
         <size>0x141</size>
         <input_file_ref idref="fl-26"/>
      </object_component>
      <object_component id="oc-c7">
         <name>.debug_info</name>
         <load_address>0x22f37</load_address>
         <run_address>0x22f37</run_address>
         <size>0x118</size>
         <input_file_ref idref="fl-27"/>
      </object_component>
      <object_component id="oc-cb">
         <name>.debug_info</name>
         <load_address>0x2304f</load_address>
         <run_address>0x2304f</run_address>
         <size>0x4fa</size>
         <input_file_ref idref="fl-28"/>
      </object_component>
      <object_component id="oc-d0">
         <name>.debug_info</name>
         <load_address>0x23549</load_address>
         <run_address>0x23549</run_address>
         <size>0x3d3</size>
         <input_file_ref idref="fl-29"/>
      </object_component>
      <object_component id="oc-d5">
         <name>.debug_info</name>
         <load_address>0x2391c</load_address>
         <run_address>0x2391c</run_address>
         <size>0x346</size>
         <input_file_ref idref="fl-2a"/>
      </object_component>
      <object_component id="oc-da">
         <name>.debug_info</name>
         <load_address>0x23c62</load_address>
         <run_address>0x23c62</run_address>
         <size>0x343</size>
         <input_file_ref idref="fl-2b"/>
      </object_component>
      <object_component id="oc-df">
         <name>.debug_info</name>
         <load_address>0x23fa5</load_address>
         <run_address>0x23fa5</run_address>
         <size>0x4dd</size>
         <input_file_ref idref="fl-2c"/>
      </object_component>
      <object_component id="oc-e6">
         <name>.debug_info</name>
         <load_address>0x24482</load_address>
         <run_address>0x24482</run_address>
         <size>0x465</size>
         <input_file_ref idref="fl-2d"/>
      </object_component>
      <object_component id="oc-eb">
         <name>.debug_info</name>
         <load_address>0x248e7</load_address>
         <run_address>0x248e7</run_address>
         <size>0x3ee</size>
         <input_file_ref idref="fl-2e"/>
      </object_component>
      <object_component id="oc-f0">
         <name>.debug_info</name>
         <load_address>0x24cd5</load_address>
         <run_address>0x24cd5</run_address>
         <size>0x3b8</size>
         <input_file_ref idref="fl-2f"/>
      </object_component>
      <object_component id="oc-f5">
         <name>.debug_info</name>
         <load_address>0x2508d</load_address>
         <run_address>0x2508d</run_address>
         <size>0x1e7</size>
         <input_file_ref idref="fl-30"/>
      </object_component>
      <object_component id="oc-f7">
         <name>.debug_info</name>
         <load_address>0x25274</load_address>
         <run_address>0x25274</run_address>
         <size>0x443</size>
         <input_file_ref idref="fl-31"/>
      </object_component>
      <object_component id="oc-158">
         <name>.debug_info</name>
         <load_address>0x256b7</load_address>
         <run_address>0x256b7</run_address>
         <size>0xa7</size>
      </object_component>
      <object_component id="oc-59">
         <name>.debug_abbrev</name>
         <load_address>0x0</load_address>
         <run_address>0x0</run_address>
         <size>0xb7</size>
         <input_file_ref idref="fl-2"/>
      </object_component>
      <object_component id="oc-5d">
         <name>.debug_abbrev</name>
         <load_address>0xb7</load_address>
         <run_address>0xb7</run_address>
         <size>0x155</size>
         <input_file_ref idref="fl-3"/>
      </object_component>
      <object_component id="oc-63">
         <name>.debug_abbrev</name>
         <load_address>0x20c</load_address>
         <run_address>0x20c</run_address>
         <size>0x21</size>
         <input_file_ref idref="fl-4"/>
      </object_component>
      <object_component id="oc-69">
         <name>.debug_abbrev</name>
         <load_address>0x22d</load_address>
         <run_address>0x22d</run_address>
         <size>0x10b</size>
         <input_file_ref idref="fl-5"/>
      </object_component>
      <object_component id="oc-6f">
         <name>.debug_abbrev</name>
         <load_address>0x338</load_address>
         <run_address>0x338</run_address>
         <size>0xde</size>
         <input_file_ref idref="fl-6"/>
      </object_component>
      <object_component id="oc-74">
         <name>.debug_abbrev</name>
         <load_address>0x416</load_address>
         <run_address>0x416</run_address>
         <size>0xea</size>
         <input_file_ref idref="fl-7"/>
      </object_component>
      <object_component id="oc-79">
         <name>.debug_abbrev</name>
         <load_address>0x500</load_address>
         <run_address>0x500</run_address>
         <size>0xdc</size>
         <input_file_ref idref="fl-8"/>
      </object_component>
      <object_component id="oc-7e">
         <name>.debug_abbrev</name>
         <load_address>0x5dc</load_address>
         <run_address>0x5dc</run_address>
         <size>0xc8</size>
         <input_file_ref idref="fl-9"/>
      </object_component>
      <object_component id="oc-83">
         <name>.debug_abbrev</name>
         <load_address>0x6a4</load_address>
         <run_address>0x6a4</run_address>
         <size>0x116</size>
         <input_file_ref idref="fl-a"/>
      </object_component>
      <object_component id="oc-88">
         <name>.debug_abbrev</name>
         <load_address>0x7ba</load_address>
         <run_address>0x7ba</run_address>
         <size>0xea</size>
         <input_file_ref idref="fl-b"/>
      </object_component>
      <object_component id="oc-8d">
         <name>.debug_abbrev</name>
         <load_address>0x8a4</load_address>
         <run_address>0x8a4</run_address>
         <size>0x1a3</size>
         <input_file_ref idref="fl-c"/>
      </object_component>
      <object_component id="oc-92">
         <name>.debug_abbrev</name>
         <load_address>0xa47</load_address>
         <run_address>0xa47</run_address>
         <size>0x2f</size>
         <input_file_ref idref="fl-d"/>
      </object_component>
      <object_component id="oc-9b">
         <name>.debug_abbrev</name>
         <load_address>0xa76</load_address>
         <run_address>0xa76</run_address>
         <size>0x239</size>
         <input_file_ref idref="fl-e"/>
      </object_component>
      <object_component id="oc-a1">
         <name>.debug_abbrev</name>
         <load_address>0xcaf</load_address>
         <run_address>0xcaf</run_address>
         <size>0x46</size>
         <input_file_ref idref="fl-1f"/>
      </object_component>
      <object_component id="oc-a6">
         <name>.debug_abbrev</name>
         <load_address>0xcf5</load_address>
         <run_address>0xcf5</run_address>
         <size>0x38</size>
         <input_file_ref idref="fl-20"/>
      </object_component>
      <object_component id="oc-ab">
         <name>.debug_abbrev</name>
         <load_address>0xd2d</load_address>
         <run_address>0xd2d</run_address>
         <size>0x38</size>
         <input_file_ref idref="fl-21"/>
      </object_component>
      <object_component id="oc-b0">
         <name>.debug_abbrev</name>
         <load_address>0xd65</load_address>
         <run_address>0xd65</run_address>
         <size>0x38</size>
         <input_file_ref idref="fl-22"/>
      </object_component>
      <object_component id="oc-b5">
         <name>.debug_abbrev</name>
         <load_address>0xd9d</load_address>
         <run_address>0xd9d</run_address>
         <size>0x38</size>
         <input_file_ref idref="fl-23"/>
      </object_component>
      <object_component id="oc-ba">
         <name>.debug_abbrev</name>
         <load_address>0xdd5</load_address>
         <run_address>0xdd5</run_address>
         <size>0x38</size>
         <input_file_ref idref="fl-24"/>
      </object_component>
      <object_component id="oc-bf">
         <name>.debug_abbrev</name>
         <load_address>0xe0d</load_address>
         <run_address>0xe0d</run_address>
         <size>0x38</size>
         <input_file_ref idref="fl-25"/>
      </object_component>
      <object_component id="oc-c4">
         <name>.debug_abbrev</name>
         <load_address>0xe45</load_address>
         <run_address>0xe45</run_address>
         <size>0x38</size>
         <input_file_ref idref="fl-26"/>
      </object_component>
      <object_component id="oc-c9">
         <name>.debug_abbrev</name>
         <load_address>0xe7d</load_address>
         <run_address>0xe7d</run_address>
         <size>0x38</size>
         <input_file_ref idref="fl-27"/>
      </object_component>
      <object_component id="oc-ce">
         <name>.debug_abbrev</name>
         <load_address>0xeb5</load_address>
         <run_address>0xeb5</run_address>
         <size>0xe3</size>
         <input_file_ref idref="fl-28"/>
      </object_component>
      <object_component id="oc-d3">
         <name>.debug_abbrev</name>
         <load_address>0xf98</load_address>
         <run_address>0xf98</run_address>
         <size>0xa8</size>
         <input_file_ref idref="fl-29"/>
      </object_component>
      <object_component id="oc-d8">
         <name>.debug_abbrev</name>
         <load_address>0x1040</load_address>
         <run_address>0x1040</run_address>
         <size>0x68</size>
         <input_file_ref idref="fl-2a"/>
      </object_component>
      <object_component id="oc-dd">
         <name>.debug_abbrev</name>
         <load_address>0x10a8</load_address>
         <run_address>0x10a8</run_address>
         <size>0x66</size>
         <input_file_ref idref="fl-2b"/>
      </object_component>
      <object_component id="oc-e4">
         <name>.debug_abbrev</name>
         <load_address>0x110e</load_address>
         <run_address>0x110e</run_address>
         <size>0x130</size>
         <input_file_ref idref="fl-2c"/>
      </object_component>
      <object_component id="oc-e9">
         <name>.debug_abbrev</name>
         <load_address>0x123e</load_address>
         <run_address>0x123e</run_address>
         <size>0xb2</size>
         <input_file_ref idref="fl-2d"/>
      </object_component>
      <object_component id="oc-ee">
         <name>.debug_abbrev</name>
         <load_address>0x12f0</load_address>
         <run_address>0x12f0</run_address>
         <size>0xee</size>
         <input_file_ref idref="fl-2e"/>
      </object_component>
      <object_component id="oc-f3">
         <name>.debug_abbrev</name>
         <load_address>0x13de</load_address>
         <run_address>0x13de</run_address>
         <size>0xc1</size>
         <input_file_ref idref="fl-2f"/>
      </object_component>
      <object_component id="oc-f6">
         <name>.debug_abbrev</name>
         <load_address>0x149f</load_address>
         <run_address>0x149f</run_address>
         <size>0x57</size>
         <input_file_ref idref="fl-30"/>
      </object_component>
      <object_component id="oc-fa">
         <name>.debug_abbrev</name>
         <load_address>0x14f6</load_address>
         <run_address>0x14f6</run_address>
         <size>0xa8</size>
         <input_file_ref idref="fl-31"/>
      </object_component>
      <object_component id="oc-159">
         <name>.debug_abbrev</name>
         <load_address>0x159e</load_address>
         <run_address>0x159e</run_address>
         <size>0xf</size>
      </object_component>
      <object_component id="oc-5b">
         <name>.debug_frame</name>
         <load_address>0x0</load_address>
         <run_address>0x0</run_address>
         <size>0x20</size>
         <input_file_ref idref="fl-3"/>
      </object_component>
      <object_component id="oc-67">
         <name>.debug_frame</name>
         <load_address>0x20</load_address>
         <run_address>0x20</run_address>
         <size>0x20</size>
         <input_file_ref idref="fl-5"/>
      </object_component>
      <object_component id="oc-6d">
         <name>.debug_frame</name>
         <load_address>0x40</load_address>
         <run_address>0x40</run_address>
         <size>0x4e8</size>
         <input_file_ref idref="fl-6"/>
      </object_component>
      <object_component id="oc-72">
         <name>.debug_frame</name>
         <load_address>0x528</load_address>
         <run_address>0x528</run_address>
         <size>0xe0</size>
         <input_file_ref idref="fl-7"/>
      </object_component>
      <object_component id="oc-77">
         <name>.debug_frame</name>
         <load_address>0x608</load_address>
         <run_address>0x608</run_address>
         <size>0x38</size>
         <input_file_ref idref="fl-8"/>
      </object_component>
      <object_component id="oc-7c">
         <name>.debug_frame</name>
         <load_address>0x640</load_address>
         <run_address>0x640</run_address>
         <size>0x50</size>
         <input_file_ref idref="fl-9"/>
      </object_component>
      <object_component id="oc-81">
         <name>.debug_frame</name>
         <load_address>0x690</load_address>
         <run_address>0x690</run_address>
         <size>0x3c</size>
         <input_file_ref idref="fl-a"/>
      </object_component>
      <object_component id="oc-86">
         <name>.debug_frame</name>
         <load_address>0x6cc</load_address>
         <run_address>0x6cc</run_address>
         <size>0x68</size>
         <input_file_ref idref="fl-b"/>
      </object_component>
      <object_component id="oc-8b">
         <name>.debug_frame</name>
         <load_address>0x734</load_address>
         <run_address>0x734</run_address>
         <size>0x130</size>
         <input_file_ref idref="fl-c"/>
      </object_component>
      <object_component id="oc-99">
         <name>.debug_frame</name>
         <load_address>0x864</load_address>
         <run_address>0x864</run_address>
         <size>0x1f4</size>
         <input_file_ref idref="fl-e"/>
      </object_component>
      <object_component id="oc-cc">
         <name>.debug_frame</name>
         <load_address>0xa58</load_address>
         <run_address>0xa58</run_address>
         <size>0x58</size>
         <input_file_ref idref="fl-28"/>
      </object_component>
      <object_component id="oc-d1">
         <name>.debug_frame</name>
         <load_address>0xab0</load_address>
         <run_address>0xab0</run_address>
         <size>0x38</size>
         <input_file_ref idref="fl-29"/>
      </object_component>
      <object_component id="oc-d6">
         <name>.debug_frame</name>
         <load_address>0xae8</load_address>
         <run_address>0xae8</run_address>
         <size>0x38</size>
         <input_file_ref idref="fl-2a"/>
      </object_component>
      <object_component id="oc-db">
         <name>.debug_frame</name>
         <load_address>0xb20</load_address>
         <run_address>0xb20</run_address>
         <size>0x38</size>
         <input_file_ref idref="fl-2b"/>
      </object_component>
      <object_component id="oc-e2">
         <name>.debug_frame</name>
         <load_address>0xb58</load_address>
         <run_address>0xb58</run_address>
         <size>0x58</size>
         <input_file_ref idref="fl-2c"/>
      </object_component>
      <object_component id="oc-e7">
         <name>.debug_frame</name>
         <load_address>0xbb0</load_address>
         <run_address>0xbb0</run_address>
         <size>0x68</size>
         <input_file_ref idref="fl-2d"/>
      </object_component>
      <object_component id="oc-ec">
         <name>.debug_frame</name>
         <load_address>0xc18</load_address>
         <run_address>0xc18</run_address>
         <size>0x38</size>
         <input_file_ref idref="fl-2e"/>
      </object_component>
      <object_component id="oc-f1">
         <name>.debug_frame</name>
         <load_address>0xc50</load_address>
         <run_address>0xc50</run_address>
         <size>0x38</size>
         <input_file_ref idref="fl-2f"/>
      </object_component>
      <object_component id="oc-f8">
         <name>.debug_frame</name>
         <load_address>0xc88</load_address>
         <run_address>0xc88</run_address>
         <size>0x38</size>
         <input_file_ref idref="fl-31"/>
      </object_component>
      <object_component id="oc-5c">
         <name>.debug_line</name>
         <load_address>0x0</load_address>
         <run_address>0x0</run_address>
         <size>0x30</size>
         <input_file_ref idref="fl-3"/>
      </object_component>
      <object_component id="oc-61">
         <name>.debug_line</name>
         <load_address>0x30</load_address>
         <run_address>0x30</run_address>
         <size>0x5f</size>
         <input_file_ref idref="fl-4"/>
      </object_component>
      <object_component id="oc-68">
         <name>.debug_line</name>
         <load_address>0x8f</load_address>
         <run_address>0x8f</run_address>
         <size>0x36</size>
         <input_file_ref idref="fl-5"/>
      </object_component>
      <object_component id="oc-6e">
         <name>.debug_line</name>
         <load_address>0xc5</load_address>
         <run_address>0xc5</run_address>
         <size>0x4bd</size>
         <input_file_ref idref="fl-6"/>
      </object_component>
      <object_component id="oc-73">
         <name>.debug_line</name>
         <load_address>0x582</load_address>
         <run_address>0x582</run_address>
         <size>0x11c</size>
         <input_file_ref idref="fl-7"/>
      </object_component>
      <object_component id="oc-78">
         <name>.debug_line</name>
         <load_address>0x69e</load_address>
         <run_address>0x69e</run_address>
         <size>0x54</size>
         <input_file_ref idref="fl-8"/>
      </object_component>
      <object_component id="oc-7d">
         <name>.debug_line</name>
         <load_address>0x6f2</load_address>
         <run_address>0x6f2</run_address>
         <size>0x7e</size>
         <input_file_ref idref="fl-9"/>
      </object_component>
      <object_component id="oc-82">
         <name>.debug_line</name>
         <load_address>0x770</load_address>
         <run_address>0x770</run_address>
         <size>0x68</size>
         <input_file_ref idref="fl-a"/>
      </object_component>
      <object_component id="oc-87">
         <name>.debug_line</name>
         <load_address>0x7d8</load_address>
         <run_address>0x7d8</run_address>
         <size>0x79</size>
         <input_file_ref idref="fl-b"/>
      </object_component>
      <object_component id="oc-8c">
         <name>.debug_line</name>
         <load_address>0x851</load_address>
         <run_address>0x851</run_address>
         <size>0x1df</size>
         <input_file_ref idref="fl-c"/>
      </object_component>
      <object_component id="oc-90">
         <name>.debug_line</name>
         <load_address>0xa30</load_address>
         <run_address>0xa30</run_address>
         <size>0x46</size>
         <input_file_ref idref="fl-d"/>
      </object_component>
      <object_component id="oc-9a">
         <name>.debug_line</name>
         <load_address>0xa76</load_address>
         <run_address>0xa76</run_address>
         <size>0x374</size>
         <input_file_ref idref="fl-e"/>
      </object_component>
      <object_component id="oc-a0">
         <name>.debug_line</name>
         <load_address>0xdea</load_address>
         <run_address>0xdea</run_address>
         <size>0x7d</size>
         <input_file_ref idref="fl-1f"/>
      </object_component>
      <object_component id="oc-a5">
         <name>.debug_line</name>
         <load_address>0xe67</load_address>
         <run_address>0xe67</run_address>
         <size>0xa9</size>
         <input_file_ref idref="fl-20"/>
      </object_component>
      <object_component id="oc-aa">
         <name>.debug_line</name>
         <load_address>0xf10</load_address>
         <run_address>0xf10</run_address>
         <size>0x52</size>
         <input_file_ref idref="fl-21"/>
      </object_component>
      <object_component id="oc-af">
         <name>.debug_line</name>
         <load_address>0xf62</load_address>
         <run_address>0xf62</run_address>
         <size>0xab</size>
         <input_file_ref idref="fl-22"/>
      </object_component>
      <object_component id="oc-b4">
         <name>.debug_line</name>
         <load_address>0x100d</load_address>
         <run_address>0x100d</run_address>
         <size>0x8d</size>
         <input_file_ref idref="fl-23"/>
      </object_component>
      <object_component id="oc-b9">
         <name>.debug_line</name>
         <load_address>0x109a</load_address>
         <run_address>0x109a</run_address>
         <size>0x5e</size>
         <input_file_ref idref="fl-24"/>
      </object_component>
      <object_component id="oc-be">
         <name>.debug_line</name>
         <load_address>0x10f8</load_address>
         <run_address>0x10f8</run_address>
         <size>0x60</size>
         <input_file_ref idref="fl-25"/>
      </object_component>
      <object_component id="oc-c3">
         <name>.debug_line</name>
         <load_address>0x1158</load_address>
         <run_address>0x1158</run_address>
         <size>0x69</size>
         <input_file_ref idref="fl-26"/>
      </object_component>
      <object_component id="oc-c8">
         <name>.debug_line</name>
         <load_address>0x11c1</load_address>
         <run_address>0x11c1</run_address>
         <size>0x49</size>
         <input_file_ref idref="fl-27"/>
      </object_component>
      <object_component id="oc-cd">
         <name>.debug_line</name>
         <load_address>0x120a</load_address>
         <run_address>0x120a</run_address>
         <size>0x50</size>
         <input_file_ref idref="fl-28"/>
      </object_component>
      <object_component id="oc-d2">
         <name>.debug_line</name>
         <load_address>0x125a</load_address>
         <run_address>0x125a</run_address>
         <size>0x62</size>
         <input_file_ref idref="fl-29"/>
      </object_component>
      <object_component id="oc-d7">
         <name>.debug_line</name>
         <load_address>0x12bc</load_address>
         <run_address>0x12bc</run_address>
         <size>0x3e</size>
         <input_file_ref idref="fl-2a"/>
      </object_component>
      <object_component id="oc-dc">
         <name>.debug_line</name>
         <load_address>0x12fa</load_address>
         <run_address>0x12fa</run_address>
         <size>0x3a</size>
         <input_file_ref idref="fl-2b"/>
      </object_component>
      <object_component id="oc-e3">
         <name>.debug_line</name>
         <load_address>0x1334</load_address>
         <run_address>0x1334</run_address>
         <size>0x65</size>
         <input_file_ref idref="fl-2c"/>
      </object_component>
      <object_component id="oc-e8">
         <name>.debug_line</name>
         <load_address>0x1399</load_address>
         <run_address>0x1399</run_address>
         <size>0x5e</size>
         <input_file_ref idref="fl-2d"/>
      </object_component>
      <object_component id="oc-ed">
         <name>.debug_line</name>
         <load_address>0x13f7</load_address>
         <run_address>0x13f7</run_address>
         <size>0x4f</size>
         <input_file_ref idref="fl-2e"/>
      </object_component>
      <object_component id="oc-f2">
         <name>.debug_line</name>
         <load_address>0x1446</load_address>
         <run_address>0x1446</run_address>
         <size>0x6a</size>
         <input_file_ref idref="fl-2f"/>
      </object_component>
      <object_component id="oc-f9">
         <name>.debug_line</name>
         <load_address>0x14b0</load_address>
         <run_address>0x14b0</run_address>
         <size>0xae</size>
         <input_file_ref idref="fl-31"/>
      </object_component>
      <object_component id="oc-5e">
         <name>.debug_aranges</name>
         <load_address>0x0</load_address>
         <run_address>0x0</run_address>
         <size>0x18</size>
         <input_file_ref idref="fl-3"/>
      </object_component>
      <object_component id="oc-64">
         <name>.debug_aranges</name>
         <load_address>0x18</load_address>
         <run_address>0x18</run_address>
         <size>0x28</size>
         <input_file_ref idref="fl-4"/>
      </object_component>
      <object_component id="oc-6a">
         <name>.debug_aranges</name>
         <load_address>0x40</load_address>
         <run_address>0x40</run_address>
         <size>0x18</size>
         <input_file_ref idref="fl-5"/>
      </object_component>
      <object_component id="oc-70">
         <name>.debug_aranges</name>
         <load_address>0x58</load_address>
         <run_address>0x58</run_address>
         <size>0x1b0</size>
         <input_file_ref idref="fl-6"/>
      </object_component>
      <object_component id="oc-75">
         <name>.debug_aranges</name>
         <load_address>0x208</load_address>
         <run_address>0x208</run_address>
         <size>0x58</size>
         <input_file_ref idref="fl-7"/>
      </object_component>
      <object_component id="oc-7a">
         <name>.debug_aranges</name>
         <load_address>0x260</load_address>
         <run_address>0x260</run_address>
         <size>0x20</size>
         <input_file_ref idref="fl-8"/>
      </object_component>
      <object_component id="oc-7f">
         <name>.debug_aranges</name>
         <load_address>0x280</load_address>
         <run_address>0x280</run_address>
         <size>0x28</size>
         <input_file_ref idref="fl-9"/>
      </object_component>
      <object_component id="oc-84">
         <name>.debug_aranges</name>
         <load_address>0x2a8</load_address>
         <run_address>0x2a8</run_address>
         <size>0x20</size>
         <input_file_ref idref="fl-a"/>
      </object_component>
      <object_component id="oc-89">
         <name>.debug_aranges</name>
         <load_address>0x2c8</load_address>
         <run_address>0x2c8</run_address>
         <size>0x30</size>
         <input_file_ref idref="fl-b"/>
      </object_component>
      <object_component id="oc-8e">
         <name>.debug_aranges</name>
         <load_address>0x2f8</load_address>
         <run_address>0x2f8</run_address>
         <size>0x70</size>
         <input_file_ref idref="fl-c"/>
      </object_component>
      <object_component id="oc-93">
         <name>.debug_aranges</name>
         <load_address>0x368</load_address>
         <run_address>0x368</run_address>
         <size>0x20</size>
         <input_file_ref idref="fl-d"/>
      </object_component>
      <object_component id="oc-9c">
         <name>.debug_aranges</name>
         <load_address>0x388</load_address>
         <run_address>0x388</run_address>
         <size>0x98</size>
         <input_file_ref idref="fl-e"/>
      </object_component>
      <object_component id="oc-a2">
         <name>.debug_aranges</name>
         <load_address>0x420</load_address>
         <run_address>0x420</run_address>
         <size>0x20</size>
         <input_file_ref idref="fl-1f"/>
      </object_component>
      <object_component id="oc-a7">
         <name>.debug_aranges</name>
         <load_address>0x440</load_address>
         <run_address>0x440</run_address>
         <size>0x20</size>
         <input_file_ref idref="fl-20"/>
      </object_component>
      <object_component id="oc-ac">
         <name>.debug_aranges</name>
         <load_address>0x460</load_address>
         <run_address>0x460</run_address>
         <size>0x20</size>
         <input_file_ref idref="fl-21"/>
      </object_component>
      <object_component id="oc-b1">
         <name>.debug_aranges</name>
         <load_address>0x480</load_address>
         <run_address>0x480</run_address>
         <size>0x20</size>
         <input_file_ref idref="fl-22"/>
      </object_component>
      <object_component id="oc-b6">
         <name>.debug_aranges</name>
         <load_address>0x4a0</load_address>
         <run_address>0x4a0</run_address>
         <size>0x20</size>
         <input_file_ref idref="fl-23"/>
      </object_component>
      <object_component id="oc-bb">
         <name>.debug_aranges</name>
         <load_address>0x4c0</load_address>
         <run_address>0x4c0</run_address>
         <size>0x20</size>
         <input_file_ref idref="fl-24"/>
      </object_component>
      <object_component id="oc-c0">
         <name>.debug_aranges</name>
         <load_address>0x4e0</load_address>
         <run_address>0x4e0</run_address>
         <size>0x20</size>
         <input_file_ref idref="fl-25"/>
      </object_component>
      <object_component id="oc-c5">
         <name>.debug_aranges</name>
         <load_address>0x500</load_address>
         <run_address>0x500</run_address>
         <size>0x28</size>
         <input_file_ref idref="fl-26"/>
      </object_component>
      <object_component id="oc-ca">
         <name>.debug_aranges</name>
         <load_address>0x528</load_address>
         <run_address>0x528</run_address>
         <size>0x20</size>
         <input_file_ref idref="fl-27"/>
      </object_component>
      <object_component id="oc-cf">
         <name>.debug_aranges</name>
         <load_address>0x548</load_address>
         <run_address>0x548</run_address>
         <size>0x20</size>
         <input_file_ref idref="fl-28"/>
      </object_component>
      <object_component id="oc-d4">
         <name>.debug_aranges</name>
         <load_address>0x568</load_address>
         <run_address>0x568</run_address>
         <size>0x20</size>
         <input_file_ref idref="fl-29"/>
      </object_component>
      <object_component id="oc-d9">
         <name>.debug_aranges</name>
         <load_address>0x588</load_address>
         <run_address>0x588</run_address>
         <size>0x20</size>
         <input_file_ref idref="fl-2a"/>
      </object_component>
      <object_component id="oc-de">
         <name>.debug_aranges</name>
         <load_address>0x5a8</load_address>
         <run_address>0x5a8</run_address>
         <size>0x20</size>
         <input_file_ref idref="fl-2b"/>
      </object_component>
      <object_component id="oc-e5">
         <name>.debug_aranges</name>
         <load_address>0x5c8</load_address>
         <run_address>0x5c8</run_address>
         <size>0x28</size>
         <input_file_ref idref="fl-2c"/>
      </object_component>
      <object_component id="oc-ea">
         <name>.debug_aranges</name>
         <load_address>0x5f0</load_address>
         <run_address>0x5f0</run_address>
         <size>0x30</size>
         <input_file_ref idref="fl-2d"/>
      </object_component>
      <object_component id="oc-ef">
         <name>.debug_aranges</name>
         <load_address>0x620</load_address>
         <run_address>0x620</run_address>
         <size>0x20</size>
         <input_file_ref idref="fl-2e"/>
      </object_component>
      <object_component id="oc-f4">
         <name>.debug_aranges</name>
         <load_address>0x640</load_address>
         <run_address>0x640</run_address>
         <size>0x20</size>
         <input_file_ref idref="fl-2f"/>
      </object_component>
      <object_component id="oc-fb">
         <name>.debug_aranges</name>
         <load_address>0x660</load_address>
         <run_address>0x660</run_address>
         <size>0x20</size>
         <input_file_ref idref="fl-31"/>
      </object_component>
   </object_component_list>
   <logical_group_list>
      <logical_group id="lg-3" display="no" color="cyan">
         <name>PieVectTableFile</name>
         <run_address>0xd00</run_address>
         <size>0x100</size>
         <contents>
            <object_component_ref idref="oc-58"/>
         </contents>
      </logical_group>
      <logical_group id="lg-5" display="no" color="cyan">
         <name>EmuKeyVar</name>
         <run_address>0xd00</run_address>
         <size>0x1</size>
         <contents>
            <object_component_ref idref="oc-39"/>
         </contents>
      </logical_group>
      <logical_group id="lg-6" display="no" color="cyan">
         <name>EmuBModeVar</name>
         <run_address>0xd01</run_address>
         <size>0x1</size>
         <contents>
            <object_component_ref idref="oc-3a"/>
         </contents>
      </logical_group>
      <logical_group id="lg-7" display="no" color="cyan">
         <name>FlashCallbackVar</name>
         <run_address>0xd02</run_address>
         <size>0x2</size>
         <contents>
            <object_component_ref idref="oc-3c"/>
         </contents>
      </logical_group>
      <logical_group id="lg-8" display="no" color="cyan">
         <name>FlashScalingVar</name>
         <run_address>0xd04</run_address>
         <size>0x2</size>
         <contents>
            <object_component_ref idref="oc-3b"/>
         </contents>
      </logical_group>
      <logical_group id="lg-4" display="no" color="cyan">
         <name>GROUP_2</name>
         <run_address>0xd00</run_address>
         <size>0x6</size>
         <contents>
            <logical_group_ref idref="lg-5"/>
            <logical_group_ref idref="lg-6"/>
            <logical_group_ref idref="lg-7"/>
            <logical_group_ref idref="lg-8"/>
         </contents>
      </logical_group>
      <overlay id="lg-2" display="no" color="cyan">
         <name>UNION_1</name>
         <run_address>0xd00</run_address>
         <size>0x100</size>
         <contents>
            <logical_group_ref idref="lg-3"/>
            <logical_group_ref idref="lg-4"/>
         </contents>
      </overlay>
      <logical_group id="lg-9" display="no" color="cyan">
         <name>DevEmuRegsFile</name>
         <run_address>0x880</run_address>
         <size>0x4</size>
         <contents>
            <object_component_ref idref="oc-3e"/>
         </contents>
      </logical_group>
      <logical_group id="lg-a" display="no" color="cyan">
         <name>SysPwrCtrlRegsFile</name>
         <run_address>0x985</run_address>
         <size>0x3</size>
         <contents>
            <object_component_ref idref="oc-3d"/>
         </contents>
      </logical_group>
      <logical_group id="lg-b" display="no" color="cyan">
         <name>FlashRegsFile</name>
         <run_address>0xa80</run_address>
         <size>0x8</size>
         <contents>
            <object_component_ref idref="oc-43"/>
         </contents>
      </logical_group>
      <logical_group id="lg-c" display="no" color="cyan">
         <name>CsmRegsFile</name>
         <run_address>0xae0</run_address>
         <size>0x10</size>
         <contents>
            <object_component_ref idref="oc-45"/>
         </contents>
      </logical_group>
      <logical_group id="lg-d" display="no" color="cyan">
         <name>AdcResultFile</name>
         <run_address>0xb00</run_address>
         <size>0x20</size>
         <contents>
            <object_component_ref idref="oc-4e"/>
         </contents>
      </logical_group>
      <logical_group id="lg-e" display="no" color="cyan">
         <name>CpuTimer0RegsFile</name>
         <run_address>0xc00</run_address>
         <size>0x8</size>
         <contents>
            <object_component_ref idref="oc-3f"/>
         </contents>
      </logical_group>
      <logical_group id="lg-f" display="no" color="cyan">
         <name>CpuTimer1RegsFile</name>
         <run_address>0xc08</run_address>
         <size>0x8</size>
         <contents>
            <object_component_ref idref="oc-40"/>
         </contents>
      </logical_group>
      <logical_group id="lg-10" display="no" color="cyan">
         <name>CpuTimer2RegsFile</name>
         <run_address>0xc10</run_address>
         <size>0x8</size>
         <contents>
            <object_component_ref idref="oc-41"/>
         </contents>
      </logical_group>
      <logical_group id="lg-11" display="no" color="cyan">
         <name>PieCtrlRegsFile</name>
         <run_address>0xce0</run_address>
         <size>0x1a</size>
         <contents>
            <object_component_ref idref="oc-4c"/>
         </contents>
      </logical_group>
      <logical_group id="lg-12" display="no" color="cyan">
         <name>ECap1RegsFile</name>
         <run_address>0x6a00</run_address>
         <size>0x20</size>
         <contents>
            <object_component_ref idref="oc-4f"/>
         </contents>
      </logical_group>
      <logical_group id="lg-13" display="no" color="cyan">
         <name>GpioCtrlRegsFile</name>
         <run_address>0x6f80</run_address>
         <size>0x40</size>
         <contents>
            <object_component_ref idref="oc-56"/>
         </contents>
      </logical_group>
      <logical_group id="lg-14" display="no" color="cyan">
         <name>GpioDataRegsFile</name>
         <run_address>0x6fc0</run_address>
         <size>0x20</size>
         <contents>
            <object_component_ref idref="oc-50"/>
         </contents>
      </logical_group>
      <logical_group id="lg-15" display="no" color="cyan">
         <name>GpioIntRegsFile</name>
         <run_address>0x6fe0</run_address>
         <size>0xa</size>
         <contents>
            <object_component_ref idref="oc-44"/>
         </contents>
      </logical_group>
      <logical_group id="lg-16" display="no" color="cyan">
         <name>SysCtrlRegsFile</name>
         <run_address>0x7010</run_address>
         <size>0x1f</size>
         <contents>
            <object_component_ref idref="oc-4d"/>
         </contents>
      </logical_group>
      <logical_group id="lg-17" display="no" color="cyan">
         <name>SpiaRegsFile</name>
         <run_address>0x7040</run_address>
         <size>0x10</size>
         <contents>
            <object_component_ref idref="oc-48"/>
         </contents>
      </logical_group>
      <logical_group id="lg-18" display="no" color="cyan">
         <name>SciaRegsFile</name>
         <run_address>0x7050</run_address>
         <size>0x10</size>
         <contents>
            <object_component_ref idref="oc-47"/>
         </contents>
      </logical_group>
      <logical_group id="lg-19" display="no" color="cyan">
         <name>NmiIntruptRegsFile</name>
         <run_address>0x7060</run_address>
         <size>0x10</size>
         <contents>
            <object_component_ref idref="oc-46"/>
         </contents>
      </logical_group>
      <logical_group id="lg-1a" display="no" color="cyan">
         <name>XIntruptRegsFile</name>
         <run_address>0x7070</run_address>
         <size>0x10</size>
         <contents>
            <object_component_ref idref="oc-49"/>
         </contents>
      </logical_group>
      <logical_group id="lg-1b" display="no" color="cyan">
         <name>AdcRegsFile</name>
         <run_address>0x7100</run_address>
         <size>0x51</size>
         <contents>
            <object_component_ref idref="oc-57"/>
         </contents>
      </logical_group>
      <logical_group id="lg-1c" display="no" color="cyan">
         <name>I2caRegsFile</name>
         <run_address>0x7900</run_address>
         <size>0x22</size>
         <contents>
            <object_component_ref idref="oc-51"/>
         </contents>
      </logical_group>
      <logical_group id="lg-1d" display="no" color="cyan">
         <name>Comp1RegsFile</name>
         <run_address>0x6400</run_address>
         <size>0x11</size>
         <contents>
            <object_component_ref idref="oc-4a"/>
         </contents>
      </logical_group>
      <logical_group id="lg-1e" display="no" color="cyan">
         <name>Comp2RegsFile</name>
         <run_address>0x6420</run_address>
         <size>0x11</size>
         <contents>
            <object_component_ref idref="oc-4b"/>
         </contents>
      </logical_group>
      <logical_group id="lg-1f" display="no" color="cyan">
         <name>EPwm1RegsFile</name>
         <run_address>0x6800</run_address>
         <size>0x40</size>
         <contents>
            <object_component_ref idref="oc-52"/>
         </contents>
      </logical_group>
      <logical_group id="lg-20" display="no" color="cyan">
         <name>EPwm2RegsFile</name>
         <run_address>0x6840</run_address>
         <size>0x40</size>
         <contents>
            <object_component_ref idref="oc-53"/>
         </contents>
      </logical_group>
      <logical_group id="lg-21" display="no" color="cyan">
         <name>EPwm3RegsFile</name>
         <run_address>0x6880</run_address>
         <size>0x40</size>
         <contents>
            <object_component_ref idref="oc-54"/>
         </contents>
      </logical_group>
      <logical_group id="lg-22" display="no" color="cyan">
         <name>EPwm4RegsFile</name>
         <run_address>0x68c0</run_address>
         <size>0x40</size>
         <contents>
            <object_component_ref idref="oc-55"/>
         </contents>
      </logical_group>
      <logical_group id="lg-23" display="no" color="cyan">
         <name>CsmPwlFile</name>
         <run_address>0x3f7ff8</run_address>
         <size>0x8</size>
         <contents>
            <object_component_ref idref="oc-42"/>
         </contents>
      </logical_group>
      <logical_group id="lg-24" display="no" color="cyan">
         <name>PartIdRegsFile</name>
         <run_address>0x3d7fff</run_address>
         <size>0x1</size>
         <contents>
            <object_component_ref idref="oc-38"/>
         </contents>
      </logical_group>
      <logical_group id="lg-25" display="no" color="cyan">
         <name>codestart</name>
         <load_address>0x3f7ff6</load_address>
         <run_address>0x3f7ff6</run_address>
         <size>0x2</size>
         <contents>
            <object_component_ref idref="oc-60"/>
         </contents>
      </logical_group>
      <logical_group id="lg-26" display="no" color="cyan">
         <name>ramfuncs</name>
         <load_address>0x3f7000</load_address>
         <run_address>0x50</run_address>
         <size>0x105</size>
         <contents>
            <object_component_ref idref="oc-10d"/>
            <object_component_ref idref="oc-97"/>
            <object_component_ref idref="oc-10c"/>
            <object_component_ref idref="oc-8f"/>
         </contents>
      </logical_group>
      <logical_group id="lg-27" display="no" color="cyan">
         <name>.cinit</name>
         <load_address>0x3f7bc0</load_address>
         <run_address>0x3f7bc0</run_address>
         <size>0x80</size>
         <contents>
            <object_component_ref idref="oc-95"/>
            <object_component_ref idref="oc-e0"/>
            <object_component_ref idref="oc-105"/>
            <object_component_ref idref="oc-112"/>
         </contents>
      </logical_group>
      <logical_group id="lg-28" display="no" color="cyan">
         <name>.pinit</name>
         <run_address>0x0</run_address>
         <size>0x0</size>
         <contents>
         </contents>
      </logical_group>
      <logical_group id="lg-155" display="no" color="cyan">
         <name>.text</name>
         <load_address>0x3f7105</load_address>
         <run_address>0x3f7105</run_address>
         <size>0x8a5</size>
         <contents>
            <object_component_ref idref="oc-103"/>
            <object_component_ref idref="oc-108"/>
            <object_component_ref idref="oc-6c"/>
            <object_component_ref idref="oc-ad"/>
            <object_component_ref idref="oc-107"/>
            <object_component_ref idref="oc-a3"/>
            <object_component_ref idref="oc-b2"/>
            <object_component_ref idref="oc-36"/>
            <object_component_ref idref="oc-110"/>
            <object_component_ref idref="oc-100"/>
            <object_component_ref idref="oc-bc"/>
            <object_component_ref idref="oc-10a"/>
            <object_component_ref idref="oc-10b"/>
            <object_component_ref idref="oc-b7"/>
            <object_component_ref idref="oc-fd"/>
            <object_component_ref idref="oc-c1"/>
            <object_component_ref idref="oc-102"/>
            <object_component_ref idref="oc-106"/>
            <object_component_ref idref="oc-a8"/>
            <object_component_ref idref="oc-109"/>
            <object_component_ref idref="oc-ff"/>
            <object_component_ref idref="oc-c6"/>
            <object_component_ref idref="oc-111"/>
            <object_component_ref idref="oc-5f"/>
[...]
         <value>0x3f74e3</value>
         <object_component_ref idref="oc-6c"/>
      </symbol>
      <symbol id="sm-187">
         <name>_ADCINT1_ISR</name>
         <value>0x3f7506</value>
         <object_component_ref idref="oc-6c"/>
      </symbol>
      <symbol id="sm-189">
         <name>_USER12_ISR</name>
         <value>0x3f7501</value>
         <object_component_ref idref="oc-6c"/>
      </symbol>
      <symbol id="sm-18b">
         <name>_USER1_ISR</name>
         <value>0x3f74ca</value>
         <object_component_ref idref="oc-6c"/>
      </symbol>
      <symbol id="sm-18d">
         <name>_XINT3_ISR</name>
         <value>0x3f7592</value>
         <object_component_ref idref="oc-6c"/>
      </symbol>
      <symbol id="sm-18f">
         <name>_NMI_ISR</name>
         <value>0x3f74c0</value>
         <object_component_ref idref="oc-6c"/>
      </symbol>
      <symbol id="sm-191">
         <name>_ADCINT2_ISR</name>
         <value>0x3f750b</value>
         <object_component_ref idref="oc-6c"/>
      </symbol>
      <symbol id="sm-193">
         <name>_PIE_RESERVED</name>
         <value>0x3f759c</value>
         <object_component_ref idref="oc-6c"/>
      </symbol>
      <symbol id="sm-195">
         <name>_I2CINT1A_ISR</name>
         <value>0x3f7560</value>
         <object_component_ref idref="oc-6c"/>
      </symbol>
      <symbol id="sm-197">
         <name>_XINT2_ISR</name>
         <value>0x3f7515</value>
         <object_component_ref idref="oc-6c"/>
      </symbol>
      <symbol id="sm-199">
         <name>_I2CINT2A_ISR</name>
         <value>0x3f7565</value>
         <object_component_ref idref="oc-6c"/>
      </symbol>
      <symbol id="sm-19b">
         <name>_RTOSINT_ISR</name>
         <value>0x3f74b6</value>
         <object_component_ref idref="oc-6c"/>
      </symbol>
      <symbol id="sm-19d">
         <name>_EPWM3_INT_ISR</name>
         <value>0x3f7547</value>
         <object_component_ref idref="oc-6c"/>
      </symbol>
      <symbol id="sm-19f">
         <name>_ADCINT3_ISR</name>
         <value>0x3f7574</value>
         <object_component_ref idref="oc-6c"/>
      </symbol>
      <symbol id="sm-1a1">
         <name>_USER9_ISR</name>
         <value>0x3f74f2</value>
         <object_component_ref idref="oc-6c"/>
      </symbol>
      <symbol id="sm-1a3">
         <name>_USER3_ISR</name>
         <value>0x3f74d4</value>
         <object_component_ref idref="oc-6c"/>
      </symbol>
      <symbol id="sm-1a5">
         <name>_USER8_ISR</name>
         <value>0x3f74ed</value>
         <object_component_ref idref="oc-6c"/>
      </symbol>
      <symbol id="sm-1a7">
         <name>_EPWM1_INT_ISR</name>
         <value>0x3f753d</value>
         <object_component_ref idref="oc-6c"/>
      </symbol>
      <symbol id="sm-1a9">
         <name>_USER2_ISR</name>
         <value>0x3f74cf</value>
         <object_component_ref idref="oc-6c"/>
      </symbol>
      <symbol id="sm-1ab">
         <name>_SCITXINTA_ISR</name>
         <value>0x3f756f</value>
         <object_component_ref idref="oc-6c"/>
      </symbol>
      <symbol id="sm-1ad">
         <name>_SCIRXINTA_ISR</name>
         <value>0x3f756a</value>
         <object_component_ref idref="oc-6c"/>
      </symbol>
      <symbol id="sm-1af">
         <name>_rsvd_ISR</name>
         <value>0x3f75a1</value>
         <object_component_ref idref="oc-6c"/>
      </symbol>
      <symbol id="sm-1bc">
         <name>_InitEPwm3Gpio</name>
         <value>0x3f7657</value>
         <object_component_ref idref="oc-107"/>
      </symbol>
      <symbol id="sm-1be">
         <name>_InitTzGpio</name>
         <value>0x3f768f</value>
         <object_component_ref idref="oc-107"/>
      </symbol>
      <symbol id="sm-1c0">
         <name>_InitEPwm2Gpio</name>
         <value>0x3f7645</value>
         <object_component_ref idref="oc-107"/>
      </symbol>
      <symbol id="sm-1c2">
         <name>_InitEPwm1Gpio</name>
         <value>0x3f7633</value>
         <object_component_ref idref="oc-107"/>
      </symbol>
      <symbol id="sm-1c4">
         <name>_InitEPwmGpio</name>
         <value>0x3f762a</value>
         <object_component_ref idref="oc-107"/>
      </symbol>
      <symbol id="sm-1c6">
         <name>_InitEPwm4Gpio</name>
         <value>0x3f766b</value>
         <object_component_ref idref="oc-107"/>
      </symbol>
      <symbol id="sm-1c8">
         <name>_InitEPwmSyncGpio</name>
         <value>0x3f767f</value>
         <object_component_ref idref="oc-107"/>
      </symbol>
      <symbol id="sm-1ca">
         <name>_InitEPwm</name>
         <value>0x3f7629</value>
         <object_component_ref idref="oc-107"/>
      </symbol>
      <symbol id="sm-1d7">
         <name>_InitGpio</name>
         <value>0x3f795a</value>
         <object_component_ref idref="oc-109"/>
      </symbol>
      <symbol id="sm-1e4">
         <name>_InitPieCtrl</name>
         <value>0x3f7853</value>
         <object_component_ref idref="oc-10a"/>
      </symbol>
      <symbol id="sm-1e6">
         <name>_EnableInterrupts</name>
         <value>0x3f7872</value>
         <object_component_ref idref="oc-10a"/>
      </symbol>
      <symbol id="sm-1f7">
         <name>_PieVectTableInit</name>
         <value>0x3f7aac</value>
         <object_component_ref idref="oc-113"/>
      </symbol>
      <symbol id="sm-1f8">
         <name>_InitPieVectTable</name>
         <value>0x3f787b</value>
         <object_component_ref idref="oc-10b"/>
      </symbol>
      <symbol id="sm-205">
         <name>_InitSciaGpio</name>
         <value>0x3f792d</value>
         <object_component_ref idref="oc-106"/>
      </symbol>
      <symbol id="sm-207">
         <name>_InitSciGpio</name>
         <value>0x3f792a</value>
         <object_component_ref idref="oc-106"/>
      </symbol>
      <symbol id="sm-209">
         <name>_InitSci</name>
         <value>0x3f7929</value>
         <object_component_ref idref="oc-106"/>
      </symbol>
      <symbol id="sm-221">
         <name>_InitPll</name>
         <value>0x3f7399</value>
         <object_component_ref idref="oc-108"/>
      </symbol>
      <symbol id="sm-223">
         <name>_IntOsc1Sel</name>
         <value>0x3f7451</value>
         <object_component_ref idref="oc-108"/>
      </symbol>
      <symbol id="sm-225">
         <name>_ExtOscSel</name>
         <value>0x3f7491</value>
         <object_component_ref idref="oc-108"/>
      </symbol>
      <symbol id="sm-227">
         <name>_DisableDog</name>
         <value>0x3f7391</value>
         <object_component_ref idref="oc-108"/>
      </symbol>
      <symbol id="sm-229">
         <name>_InitPeripheralClocks</name>
         <value>0x3f73ee</value>
         <object_component_ref idref="oc-108"/>
      </symbol>
      <symbol id="sm-22b">
         <name>_IntOsc2Sel</name>
         <value>0x3f7461</value>
         <object_component_ref idref="oc-108"/>
      </symbol>
      <symbol id="sm-22d">
         <name>_InitFlash</name>
         <value>0x136</value>
         <object_component_ref idref="oc-10c"/>
      </symbol>
      <symbol id="sm-22f">
         <name>_CsmUnlock</name>
         <value>0x3f7420</value>
         <object_component_ref idref="oc-108"/>
      </symbol>
      <symbol id="sm-231">
         <name>_ServiceDog</name>
         <value>0x3f7387</value>
         <object_component_ref idref="oc-108"/>
      </symbol>
      <symbol id="sm-233">
         <name>_XtalOscSel</name>
         <value>0x3f7475</value>
         <object_component_ref idref="oc-108"/>
      </symbol>
      <symbol id="sm-235">
         <name>_InitSysCtrl</name>
         <value>0x3f736d</value>
         <object_component_ref idref="oc-108"/>
      </symbol>
      <symbol id="sm-242">
         <name>_DSP28x_usDelay</name>
         <value>0x151</value>
         <object_component_ref idref="oc-8f"/>
      </symbol>
      <symbol id="sm-27e">
         <name>_flag_atualiza_Duty</name>
         <value>0x706</value>
         <object_component_ref idref="oc-96"/>
      </symbol>
      <symbol id="sm-27f">
         <name>_main</name>
         <value>0x3f724b</value>
         <object_component_ref idref="oc-103"/>
      </symbol>
      <symbol id="sm-281">
         <name>_Vo</name>
         <value>0x714</value>
         <object_component_ref idref="oc-96"/>
      </symbol>
      <symbol id="sm-282">
         <name>_Config_Adc</name>
         <value>0x3f7132</value>
         <object_component_ref idref="oc-103"/>
      </symbol>
      <symbol id="sm-284">
         <name>_Timer0_isr</name>
         <value>0x121</value>
         <object_component_ref idref="oc-97"/>
      </symbol>
      <symbol id="sm-286">
         <name>_flag_ADC</name>
         <value>0x705</value>
         <object_component_ref idref="oc-96"/>
      </symbol>
      <symbol id="sm-287">
         <name>_sensorSampleI</name>
         <value>0x709</value>
         <object_component_ref idref="oc-96"/>
      </symbol>
      <symbol id="sm-288">
         <name>_sensorSampleV</name>
         <value>0x70a</value>
         <object_component_ref idref="oc-96"/>
      </symbol>
      <symbol id="sm-289">
         <name>_duty_c</name>
         <value>0x750</value>
         <object_component_ref idref="oc-10f"/>
      </symbol>
      <symbol id="sm-28a">
         <name>_Atualiza_PWM</name>
         <value>0xd8</value>
         <object_component_ref idref="oc-10d"/>
      </symbol>
      <symbol id="sm-28c">
         <name>_operation_mode</name>
         <value>0x70d</value>
         <object_component_ref idref="oc-96"/>
      </symbol>
      <symbol id="sm-28d">
         <name>_Config_EPwm_StepUp</name>
         <value>0x3f71f8</value>
         <object_component_ref idref="oc-103"/>
      </symbol>
      <symbol id="sm-28f">
         <name>_my_DC</name>
         <value>0x708</value>
         <object_component_ref idref="oc-96"/>
      </symbol>
      <symbol id="sm-290">
         <name>_Vadc</name>
         <value>0x71a</value>
         <object_component_ref idref="oc-96"/>
      </symbol>
      <symbol id="sm-291">
         <name>_flag_Timer0</name>
         <value>0x704</value>
         <object_component_ref idref="oc-96"/>
      </symbol>
      <symbol id="sm-292">
         <name>_srs_limites</name>
         <value>0x3f71e9</value>
         <object_component_ref idref="oc-103"/>
      </symbol>
      <symbol id="sm-294">
         <name>_receive_sci</name>
         <value>0x700</value>
         <object_component_ref idref="oc-96"/>
      </symbol>
      <symbol id="sm-295">
         <name>_Io</name>
         <value>0x716</value>
         <object_component_ref idref="oc-96"/>
      </symbol>
      <symbol id="sm-296">
         <name>_pi</name>
         <value>0x3f721c</value>
         <object_component_ref idref="oc-103"/>
      </symbol>
      <symbol id="sm-298">
         <name>_charUSART</name>
         <value>0x740</value>
         <object_component_ref idref="oc-101"/>
      </symbol>
      <symbol id="sm-299">
         <name>_CompA_StepUp</name>
         <value>0x70b</value>
         <object_component_ref idref="oc-96"/>
      </symbol>
      <symbol id="sm-29a">
         <name>_kp</name>
         <value>0x71e</value>
         <object_component_ref idref="oc-96"/>
      </symbol>
      <symbol id="sm-29b">
         <name>_scia_xmit</name>
         <value>0x50</value>
         <object_component_ref idref="oc-10d"/>
      </symbol>
      <symbol id="sm-29d">
         <name>_ki</name>
         <value>0x71c</value>
         <object_component_ref idref="oc-96"/>
      </symbol>
      <symbol id="sm-29e">
         <name>_flag_periodic_sample_low</name>
         <value>0x707</value>
         <object_component_ref idref="oc-96"/>
      </symbol>
      <symbol id="sm-29f">
         <name>_sciaRx_isr</name>
         <value>0xe7</value>
         <object_component_ref idref="oc-97"/>
      </symbol>
      <symbol id="sm-2a1">
         <name>_erro</name>
         <value>0x70e</value>
         <object_component_ref idref="oc-96"/>
      </symbol>
      <symbol id="sm-2a2">
         <name>_Config_Timer0</name>
         <value>0x3f711e</value>
         <object_component_ref idref="oc-103"/>
      </symbol>
      <symbol id="sm-2a4">
         <name>_Calcular_Valores_ADC</name>
         <value>0x3f7168</value>
         <object_component_ref idref="oc-103"/>
      </symbol>
      <symbol id="sm-2a6">
         <name>_Vref</name>
         <value>0x720</value>
         <object_component_ref idref="oc-96"/>
      </symbol>
      <symbol id="sm-2a7">
         <name>_stop</name>
         <value>0x702</value>
         <object_component_ref idref="oc-96"/>
      </symbol>
      <symbol id="sm-2a8">
         <name>_valor_Atoi</name>
         <value>0x70c</value>
         <object_component_ref idref="oc-96"/>
      </symbol>
      <symbol id="sm-2a9">
         <name>_Iadc</name>
         <value>0x718</value>
         <object_component_ref idref="oc-96"/>
      </symbol>
      <symbol id="sm-2aa">
         <name>_reverse</name>
         <value>0x72</value>
         <object_component_ref idref="oc-10d"/>
      </symbol>
      <symbol id="sm-2ac">
         <name>_Config_gpio</name>
         <value>0x3f71ce</value>
         <object_component_ref idref="oc-103"/>
      </symbol>
      <symbol id="sm-2ae">
         <name>_controlo</name>
         <value>0x703</value>
         <object_component_ref idref="oc-96"/>
      </symbol>
      <symbol id="sm-2af">
         <name>_my_itoa</name>
         <value>0x95</value>
         <object_component_ref idref="oc-10d"/>
      </symbol>
      <symbol id="sm-2b1">
         <name>_pwm_ctrl</name>
         <value>0x712</value>
         <object_component_ref idref="oc-96"/>
      </symbol>
      <symbol id="sm-2b2">
         <name>_integral</name>
         <value>0x710</value>
         <object_component_ref idref="oc-96"/>
      </symbol>
      <symbol id="sm-2b3">
         <name>_Config_sci</name>
         <value>0x3f7105</value>
         <object_component_ref idref="oc-103"/>
      </symbol>
      <symbol id="sm-2b5">
         <name>_s</name>
         <value>0x755</value>
         <object_component_ref idref="oc-10e"/>
      </symbol>
      <symbol id="sm-2b6">
         <name>_i</name>
         <value>0x701</value>
         <object_component_ref idref="oc-96"/>
      </symbol>
      <symbol id="sm-2b7">
         <name>_Atualiza_ADC</name>
         <value>0xc5</value>
         <object_component_ref idref="oc-10d"/>
      </symbol>
      <symbol id="sm-2d3">
         <name>_c_int00</name>
         <value>0x3f777c</value>
         <object_component_ref idref="oc-36"/>
      </symbol>
      <symbol id="sm-2d4">
         <name>__stack</name>
         <value>0x400</value>
         <object_component_ref idref="oc-9d"/>
      </symbol>
      <symbol id="sm-2ee">
         <name>FS$$ADD</name>
         <value>0x3f76af</value>
         <object_component_ref idref="oc-a3"/>
      </symbol>
      <symbol id="sm-2ef">
         <name>FS$$SUB</name>
         <value>0x3f76aa</value>
         <object_component_ref idref="oc-a3"/>
      </symbol>
      <symbol id="sm-301">
         <name>FS$$CMP</name>
         <value>0x3f7943</value>
         <object_component_ref idref="oc-a8"/>
      </symbol>
      <symbol id="sm-312">
         <name>FS$$DIV</name>
         <value>0x3f75a6</value>
         <object_component_ref idref="oc-ad"/>
      </symbol>
      <symbol id="sm-323">
         <name>FS$$MPY</name>
         <value>0x3f7722</value>
         <object_component_ref idref="oc-b2"/>
      </symbol>
      <symbol id="sm-334">
         <name>FS$$TOI</name>
         <value>0x3f78a1</value>
         <object_component_ref idref="oc-b7"/>
      </symbol>
      <symbol id="sm-347">
         <name>FS$$TOL</name>
         <value>0x3f782a</value>
         <object_component_ref idref="oc-bc"/>
      </symbol>
      <symbol id="sm-355">
         <name>I$$MOD</name>
         <value>0x3f78fb</value>
         <object_component_ref idref="oc-c1"/>
      </symbol>
      <symbol id="sm-356">
         <name>I$$DIV</name>
         <value>0x3f78ea</value>
         <object_component_ref idref="oc-c1"/>
      </symbol>
      <symbol id="sm-364">
         <name>U$$TOFS</name>
         <value>0x3f797e</value>
         <object_component_ref idref="oc-c6"/>
      </symbol>
      <symbol id="sm-373">
         <name>_copy_in</name>
         <value>0x3f78c6</value>
         <object_component_ref idref="oc-fd"/>
      </symbol>
      <symbol id="sm-385">
         <name>_memcpy</name>
         <value>0x3f790c</value>
         <object_component_ref idref="oc-102"/>
      </symbol>
      <symbol id="sm-392">
         <name>__system_pre_init</name>
         <value>0x3f79a7</value>
         <object_component_ref idref="oc-fc"/>
      </symbol>
      <symbol id="sm-3a0">
         <name>__system_post_cinit</name>
         <value>0x3f79a9</value>
         <object_component_ref idref="oc-fe"/>
      </symbol>
      <symbol id="sm-3b5">
         <name>C$$EXIT</name>
         <value>0x3f7801</value>
         <object_component_ref idref="oc-100"/>
      </symbol>
      <symbol id="sm-3b6">
         <name>_exit</name>
         <value>0x3f7803</value>
         <object_component_ref idref="oc-100"/>
      </symbol>
      <symbol id="sm-3b8">
         <name>___TI_cleanup_ptr</name>
         <value>0x73c</value>
         <object_component_ref idref="oc-e1"/>
      </symbol>
      <symbol id="sm-3b9">
         <name>___TI_enable_exit_profile_output</name>
         <value>0x73a</value>
         <object_component_ref idref="oc-e1"/>
      </symbol>
      <symbol id="sm-3ba">
         <name>_abort</name>
         <value>0x3f7801</value>
         <object_component_ref idref="oc-100"/>
      </symbol>
      <symbol id="sm-3bc">
         <name>___TI_dtors_ptr</name>
         <value>0x73e</value>
         <object_component_ref idref="oc-e1"/>
      </symbol>
      <symbol id="sm-3d0">
         <name>__unlock</name>
         <value>0x75c</value>
         <object_component_ref idref="oc-116"/>
      </symbol>
      <symbol id="sm-3d1">
         <name>__lock</name>
         <value>0x75a</value>
         <object_component_ref idref="oc-104"/>
      </symbol>
      <symbol id="sm-3d2">
         <name>__register_lock</name>
         <value>0x3f7992</value>
         <object_component_ref idref="oc-111"/>
      </symbol>
      <symbol id="sm-3d4">
         <name>__nop</name>
         <value>0x3f7996</value>
         <object_component_ref idref="oc-111"/>
      </symbol>
      <symbol id="sm-3d6">
         <name>__register_unlock</name>
         <value>0x3f798e</value>
         <object_component_ref idref="oc-111"/>
      </symbol>
      <symbol id="sm-3e6">
         <name>__args_main</name>
         <value>0x3f796d</value>
         <object_component_ref idref="oc-ff"/>
      </symbol>
      <symbol id="sm-3fb">
         <name>_atoi</name>
         <value>0x3f77d0</value>
         <object_component_ref idref="oc-110"/>
      </symbol>
      <symbol id="sm-404">
         <name>__ctypes_</name>
         <value>0x3f79aa</value>
         <object_component_ref idref="oc-115"/>
      </symbol>
      <symbol id="sm-411">
         <name>_strlen</name>
         <value>0x3f799f</value>
         <object_component_ref idref="oc-114"/>
      </symbol>
   </symbol_table>
   <title>Link successful</title>
</link_info>
