******************************************************************************
             TMS320C2000 Linker PC v20.2.3                     
******************************************************************************
>> Linked Fri Nov 13 21:20:01 2020

OUTPUT FILE NAME:   <Conversores_Projeto1.out>
ENTRY POINT SYMBOL: "_c_int00"  address: 003f771a


MEMORY CONFIGURATION

         name            origin    length      used     unused   attr    fill
----------------------  --------  ---------  --------  --------  ----  --------
PAGE 0:
  RAMM0                 00000050   000003b0  0000001f  00000391  RWIX
  OTP                   003d7800   00000400  00000000  00000400  RWIX
  FLASHB                003f6000   00001000  00000000  00001000  RWIX
  FLASHA                003f7000   00000f80  00000c24  0000035c  RWIX
  CSM_RSVD              003f7f80   00000076  00000000  00000076  RWIX
  BEGIN                 003f7ff6   00000002  00000002  00000000  RWIX
  CSM_PWL_P0            003f7ff8   00000008  00000000  00000008  RWIX
  IQTABLES              003fe000   00000b50  00000000  00000b50  RWIX
  IQTABLES2             003feb50   0000008c  00000000  0000008c  RWIX
  IQTABLES3             003febdc   000000aa  00000000  000000aa  RWIX
  ROM                   003ff27c   00000d44  00000000  00000d44  RWIX
  RESET                 003fffc0   00000002  00000000  00000002  RWIX
  VECTORS               003fffc2   0000003e  00000000  0000003e  RWIX

PAGE 1:
  BOOT_RSVD             00000000   00000050  00000000  00000050  RWIX
  RAMM1                 00000400   00000400  0000035e  000000a2  RWIX
  DEV_EMU               00000880   00000105  00000004  00000101  RWIX
  SYS_PWR_CTL           00000985   00000003  00000003  00000000  RWIX
  FLASH_REGS            00000a80   00000060  00000008  00000058  RWIX
  CSM                   00000ae0   00000010  00000010  00000000  RWIX
  ADC_RESULT            00000b00   00000020  00000020  00000000  RWIX
  CPU_TIMER0            00000c00   00000008  00000008  00000000  RWIX
  CPU_TIMER1            00000c08   00000008  00000008  00000000  RWIX
  CPU_TIMER2            00000c10   00000008  00000008  00000000  RWIX
  PIE_CTRL              00000ce0   00000020  0000001a  00000006  RWIX
  PIE_VECT              00000d00   00000100  00000100  00000000  RWIX
  COMP1                 00006400   00000020  00000011  0000000f  RWIX
  COMP2                 00006420   00000020  00000011  0000000f  RWIX
  EPWM1                 00006800   00000040  00000040  00000000  RWIX
  EPWM2                 00006840   00000040  00000040  00000000  RWIX
  EPWM3                 00006880   00000040  00000040  00000000  RWIX
  EPWM4                 000068c0   00000040  00000040  00000000  RWIX
  ECAP1                 00006a00   00000020  00000020  00000000  RWIX
  GPIOCTRL              00006f80   00000040  00000040  00000000  RWIX
  GPIODAT               00006fc0   00000020  00000020  00000000  RWIX
  GPIOINT               00006fe0   00000020  0000000a  00000016  RWIX
  SYSTEM                00007010   00000020  0000001f  00000001  RWIX
  SPIA                  00007040   00000010  00000010  00000000  RWIX
  SCIA                  00007050   00000010  00000010  00000000  RWIX
  NMIINTRUPT            00007060   00000010  00000010  00000000  RWIX
  XINTRUPT              00007070   00000010  00000010  00000000  RWIX
  ADC                   00007100   00000080  00000051  0000002f  RWIX
  I2CA                  00007900   00000040  00000022  0000001e  RWIX
  RAML0                 00008000   00000400  00000000  00000400  RWIX
  PARTID                003d7fff   00000001  00000001  00000000  RWIX
  CSM_PWL               003f7ff8   00000008  00000008  00000000  RWIX


SECTION ALLOCATION MAP

 output                                  attributes/
section   page    origin      length       input sections
--------  ----  ----------  ----------   ----------------
ramfuncs   0    003f7000    0000001f     RUN ADDR = 00000050
                  003f7000    0000001b     f2802x_sysctrl.obj (ramfuncs)
                  003f701b    00000004     f2802x_usdelay.obj (ramfuncs)

.econst    0    003f798e    00000216     
                  003f798e    00000101     rts2800_ml.lib : ctype.c.obj (.econst:.string:__ctypes_)
                  003f7a8f    00000001     --HOLE-- [fill = 0]
                  003f7a90    00000100     f2802x_pievect.obj (.econst:_PieVectTableInit)
                  003f7b90    00000014     main.obj (.econst:.string)

.cinit     0    003f7ba4    00000080     
                  003f7ba4    00000066     main.obj (.cinit)
                  003f7c0a    0000000e     rts2800_ml.lib : exit.c.obj (.cinit)
                  003f7c18    00000005                    : _lock.c.obj (.cinit:__lock)
                  003f7c1d    00000005                    : _lock.c.obj (.cinit:__unlock)
                  003f7c22    00000002     --HOLE-- [fill = 0]

codestart 
*          0    003f7ff6    00000002     
                  003f7ff6    00000002     f2802x_codestartbranch.obj (codestart)

DevEmuRegsFile 
*          1    00000880    00000004     UNINITIALIZED
                  00000880    00000004     F2802x_GlobalVariableDefs.obj (DevEmuRegsFile)

SysPwrCtrlRegsFile 
*          1    00000985    00000003     UNINITIALIZED
                  00000985    00000003     F2802x_GlobalVariableDefs.obj (SysPwrCtrlRegsFile)

FlashRegsFile 
*          1    00000a80    00000008     UNINITIALIZED
                  00000a80    00000008     F2802x_GlobalVariableDefs.obj (FlashRegsFile)

CsmRegsFile 
*          1    00000ae0    00000010     UNINITIALIZED
                  00000ae0    00000010     F2802x_GlobalVariableDefs.obj (CsmRegsFile)

AdcResultFile 
*          1    00000b00    00000020     UNINITIALIZED
                  00000b00    00000020     F2802x_GlobalVariableDefs.obj (AdcResultFile)

CpuTimer0RegsFile 
*          1    00000c00    00000008     UNINITIALIZED
                  00000c00    00000008     F2802x_GlobalVariableDefs.obj (CpuTimer0RegsFile)

CpuTimer1RegsFile 
*          1    00000c08    00000008     UNINITIALIZED
                  00000c08    00000008     F2802x_GlobalVariableDefs.obj (CpuTimer1RegsFile)

CpuTimer2RegsFile 
*          1    00000c10    00000008     UNINITIALIZED
                  00000c10    00000008     F2802x_GlobalVariableDefs.obj (CpuTimer2RegsFile)

PieCtrlRegsFile 
*          1    00000ce0    0000001a     UNINITIALIZED
                  00000ce0    0000001a     F2802x_GlobalVariableDefs.obj (PieCtrlRegsFile)

PieVectTableFile 
*          1    00000d00    00000100     UNINITIALIZED
                  00000d00    00000100     F2802x_GlobalVariableDefs.obj (PieVectTableFile)

EmuKeyVar 
*          1    00000d00    00000001     UNINITIALIZED
                  00000d00    00000001     F2802x_GlobalVariableDefs.obj (EmuKeyVar)

EmuBModeVar 
*          1    00000d01    00000001     UNINITIALIZED
                  00000d01    00000001     F2802x_GlobalVariableDefs.obj (EmuBModeVar)

FlashCallbackVar 
*          1    00000d02    00000002     UNINITIALIZED
                  00000d02    00000002     F2802x_GlobalVariableDefs.obj (FlashCallbackVar)

FlashScalingVar 
*          1    00000d04    00000002     UNINITIALIZED
                  00000d04    00000002     F2802x_GlobalVariableDefs.obj (FlashScalingVar)

Comp1RegsFile 
*          1    00006400    00000011     UNINITIALIZED
                  00006400    00000011     F2802x_GlobalVariableDefs.obj (Comp1RegsFile)

Comp2RegsFile 
*          1    00006420    00000011     UNINITIALIZED
                  00006420    00000011     F2802x_GlobalVariableDefs.obj (Comp2RegsFile)

EPwm1RegsFile 
*          1    00006800    00000040     UNINITIALIZED
                  00006800    00000040     F2802x_GlobalVariableDefs.obj (EPwm1RegsFile)

EPwm2RegsFile 
*          1    00006840    00000040     UNINITIALIZED
                  00006840    00000040     F2802x_GlobalVariableDefs.obj (EPwm2RegsFile)

EPwm3RegsFile 
*          1    00006880    00000040     UNINITIALIZED
                  00006880    00000040     F2802x_GlobalVariableDefs.obj (EPwm3RegsFile)

EPwm4RegsFile 
*          1    000068c0    00000040     UNINITIALIZED
                  000068c0    00000040     F2802x_GlobalVariableDefs.obj (EPwm4RegsFile)

ECap1RegsFile 
*          1    00006a00    00000020     UNINITIALIZED
                  00006a00    00000020     F2802x_GlobalVariableDefs.obj (ECap1RegsFile)

GpioCtrlRegsFile 
*          1    00006f80    00000040     UNINITIALIZED
                  00006f80    00000040     F2802x_GlobalVariableDefs.obj (GpioCtrlRegsFile)

GpioDataRegsFile 
*          1    00006fc0    00000020     UNINITIALIZED
                  00006fc0    00000020     F2802x_GlobalVariableDefs.obj (GpioDataRegsFile)

GpioIntRegsFile 
*          1    00006fe0    0000000a     UNINITIALIZED
                  00006fe0    0000000a     F2802x_GlobalVariableDefs.obj (GpioIntRegsFile)

SysCtrlRegsFile 
*          1    00007010    0000001f     UNINITIALIZED
                  00007010    0000001f     F2802x_GlobalVariableDefs.obj (SysCtrlRegsFile)

SpiaRegsFile 
*          1    00007040    00000010     UNINITIALIZED
                  00007040    00000010     F2802x_GlobalVariableDefs.obj (SpiaRegsFile)

SciaRegsFile 
*          1    00007050    00000010     UNINITIALIZED
                  00007050    00000010     F2802x_GlobalVariableDefs.obj (SciaRegsFile)

NmiIntruptRegsFile 
*          1    00007060    00000010     UNINITIALIZED
                  00007060    00000010     F2802x_GlobalVariableDefs.obj (NmiIntruptRegsFile)

XIntruptRegsFile 
*          1    00007070    00000010     UNINITIALIZED
                  00007070    00000010     F2802x_GlobalVariableDefs.obj (XIntruptRegsFile)

AdcRegsFile 
*          1    00007100    00000051     UNINITIALIZED
                  00007100    00000051     F2802x_GlobalVariableDefs.obj (AdcRegsFile)

I2caRegsFile 
*          1    00007900    00000022     UNINITIALIZED
                  00007900    00000022     F2802x_GlobalVariableDefs.obj (I2caRegsFile)

PartIdRegsFile 
*          1    003d7fff    00000001     UNINITIALIZED
                  003d7fff    00000001     F2802x_GlobalVariableDefs.obj (PartIdRegsFile)

CsmPwlFile 
*          1    003f7ff8    00000008     UNINITIALIZED
                  003f7ff8    00000008     F2802x_GlobalVariableDefs.obj (CsmPwlFile)

.pinit     0    003f7000    00000000     UNINITIALIZED

.stack     1    00000400    00000300     UNINITIALIZED
                  00000400    00000300     --HOLE--

.reset     0    003fffc0    00000002     DSECT
                  003fffc0    00000002     rts2800_ml.lib : boot28.asm.obj (.reset)

vectors    0    003fffc2    00000000     DSECT

.text      0    003f701f    0000096f     
                  003f701f    0000014c     main.obj (.text)
                  003f716b    0000013a     f2802x_sysctrl.obj (.text)
                  003f72a5    000000ff     f2802x_defaultisr.obj (.text:retain)
                  003f73a4    000000b5     adc.obj (.text)
                  003f7459    0000008e     sci.obj (.text)
                  003f74e7    00000083     rts2800_ml.lib : fs_div28.asm.obj (.text)
                  003f756a    00000081     f2802x_epwm.obj (.text)
                  003f75eb    00000078     rts2800_ml.lib : fs_add28.asm.obj (.text)
                  003f7663    0000005d     pwm.obj (.text)
                  003f76c0    0000005a     rts2800_ml.lib : fs_mpy28.asm.obj (.text)
                  003f771a    00000054                    : boot28.asm.obj (.text)
                  003f776e    0000003e     sci.obj (.text:retain)
                  003f77ac    00000031     rts2800_ml.lib : atoi.c.obj (.text)
                  003f77dd    00000029                    : exit.c.obj (.text)
                  003f7806    00000029                    : fs_tol28.asm.obj (.text)
                  003f782f    00000028     f2802x_piectrl.obj (.text)
                  003f7857    00000026     f2802x_pievect.obj (.text)
                  003f787d    00000024     rts2800_ml.lib : cpy_tbl.c.obj (.text)
                  003f78a1    00000022                    : i_div28.asm.obj (.text)
                  003f78c3    0000001d                    : memcpy.c.obj (.text)
                  003f78e0    0000001a     f2802x_sci.obj (.text)
                  003f78fa    00000019     timer0.obj (.text:retain)
                  003f7913    00000017     rts2800_ml.lib : fs_cmp28.asm.obj (.text)
                  003f792a    00000014     timer0.obj (.text)
                  003f793e    00000013     f2802x_gpio.obj (.text)
                  003f7951    00000011     rts2800_ml.lib : args_main.c.obj (.text)
                  003f7962    00000010                    : u_tofs28.asm.obj (.text)
                  003f7972    00000009                    : _lock.c.obj (.text)
                  003f797b    00000008     f2802x_codestartbranch.obj (.text)
                  003f7983    00000008     rts2800_ml.lib : strlen.c.obj (.text)
                  003f798b    00000002                    : pre_init.c.obj (.text)
                  003f798d    00000001                    : startup.c.obj (.text)

.ebss      1    00000700    0000005e     UNINITIALIZED
                  00000700    00000022     main.obj (.ebss)
                  00000722    00000018     f2802x_cputimers.obj (.ebss)
                  0000073a    00000006     rts2800_ml.lib : exit.c.obj (.ebss)
                  00000740    00000010     main.obj (.ebss:_charUSART)
                  00000750    00000005     main.obj (.ebss:_duty_c)
                  00000755    00000004     main.obj (.ebss:_s)
                  00000759    00000001     --HOLE--
                  0000075a    00000002     rts2800_ml.lib : _lock.c.obj (.ebss:__lock)
                  0000075c    00000002                    : _lock.c.obj (.ebss:__unlock)

MODULE SUMMARY

       Module                          code   initialized data   uninitialized data
       ------                          ----   ----------------   ------------------
    .\
       F2802x_GlobalVariableDefs.obj   0      0                  1022              
       f2802x_sysctrl.obj              368    0                  0                 
       f2802x_pievect.obj              38     256                0                 
       f2802x_defaultisr.obj           255    0                  0                 
       f2802x_epwm.obj                 129    0                  0                 
       f2802x_piectrl.obj              40     0                  0                 
       f2802x_sci.obj                  26     0                  0                 
       f2802x_cputimers.obj            0      0                  24                
       f2802x_gpio.obj                 19     0                  0                 
       f2802x_codestartbranch.obj      10     0                  0                 
       f2802x_usdelay.obj              8      0                  0                 
    +--+-------------------------------+------+------------------+--------------------+
       Total:                          893    256                1046              
                                                                                   
    .\ourCode\
       main.obj                        332    122                59                
       sci.obj                         204    0                  0                 
       adc.obj                         181    0                  0                 
       pwm.obj                         93     0                  0                 
       timer0.obj                      45     0                  0                 
    +--+-------------------------------+------+------------------+--------------------+
       Total:                          855    122                59                
                                                                                   
    C:\ti\ccs1011\ccs\tools\compiler\ti-cgt-c2000_20.2.3.LTS\lib\rts2800_ml.lib
       ctype.c.obj                     0      257                0                 
       fs_div28.asm.obj                131    0                  0                 
       fs_add28.asm.obj                120    0                  0                 
       fs_mpy28.asm.obj                90     0                  0                 
       boot28.asm.obj                  84     0                  0                 
       exit.c.obj                      41     14                 6                 
       atoi.c.obj                      49     0                  0                 
       fs_tol28.asm.obj                41     0                  0                 
       cpy_tbl.c.obj                   36     0                  0                 
       i_div28.asm.obj                 34     0                  0                 
       memcpy.c.obj                    29     0                  0                 
       _lock.c.obj                     9      10                 4                 
       fs_cmp28.asm.obj                23     0                  0                 
       args_main.c.obj                 17     0                  0                 
       u_tofs28.asm.obj                16     0                  0                 
       strlen.c.obj                    8      0                  0                 
       pre_init.c.obj                  2      0                  0                 
       startup.c.obj                   1      0                  0                 
    +--+-------------------------------+------+------------------+--------------------+
       Total:                          731    281                10                
                                                                                   
       Stack:                          0      0                  768               
    +--+-------------------------------+------+------------------+--------------------+
       Grand Total:                    2479   659                1883              


GLOBAL DATA SYMBOLS: SORTED BY DATA PAGE

address     data page           name
--------    ----------------    ----
00000400      10 (00000400)     __stack

00000700      1c (00000700)     _receive_sci
00000701      1c (00000700)     _i
00000702      1c (00000700)     _stop
00000703      1c (00000700)     _controlo
00000704      1c (00000700)     _flag_Timer0
00000705      1c (00000700)     _flag_ADC
00000706      1c (00000700)     _flag_atualiza_Duty
00000707      1c (00000700)     _flag_periodic_sample_low
00000708      1c (00000700)     _my_DC
00000709      1c (00000700)     _sensorSampleI
0000070a      1c (00000700)     _sensorSampleV
0000070b      1c (00000700)     _CompA_StepUp
0000070c      1c (00000700)     _valor_Atoi
0000070d      1c (00000700)     _operation_mode
0000070e      1c (00000700)     _erro
00000710      1c (00000700)     _integral
00000712      1c (00000700)     _pwm_ctrl
00000714      1c (00000700)     _Vo
00000716      1c (00000700)     _Io
00000718      1c (00000700)     _Iadc
0000071a      1c (00000700)     _Vadc
0000071c      1c (00000700)     _ki
0000071e      1c (00000700)     _kp
00000720      1c (00000700)     _Vref
00000722      1c (00000700)     _CpuTimer0
0000072a      1c (00000700)     _CpuTimer1
00000732      1c (00000700)     _CpuTimer2
0000073a      1c (00000700)     ___TI_enable_exit_profile_output
0000073c      1c (00000700)     ___TI_cleanup_ptr
0000073e      1c (00000700)     ___TI_dtors_ptr

00000740      1d (00000740)     _charUSART
00000750      1d (00000740)     _duty_c
00000755      1d (00000740)     _s
0000075a      1d (00000740)     __lock
0000075c      1d (00000740)     __unlock

00000880      22 (00000880)     _DevEmuRegs

00000985      26 (00000980)     _SysPwrCtrlRegs

00000a80      2a (00000a80)     _FlashRegs

00000ae0      2b (00000ac0)     _CsmRegs

00000b00      2c (00000b00)     _AdcResult

00000c00      30 (00000c00)     _CpuTimer0Regs
00000c08      30 (00000c00)     _CpuTimer1Regs
00000c10      30 (00000c00)     _CpuTimer2Regs

00000ce0      33 (00000cc0)     _PieCtrlRegs

00000d00      34 (00000d00)     _EmuKey
00000d00      34 (00000d00)     _PieVectTable
00000d01      34 (00000d00)     _EmuBMode
00000d02      34 (00000d00)     _Flash_CallbackPtr
00000d04      34 (00000d00)     _Flash_CPUScaleFactor

00006400     190 (00006400)     _Comp1Regs
00006420     190 (00006400)     _Comp2Regs

00006800     1a0 (00006800)     _EPwm1Regs

00006840     1a1 (00006840)     _EPwm2Regs

00006880     1a2 (00006880)     _EPwm3Regs

000068c0     1a3 (000068c0)     _EPwm4Regs

00006a00     1a8 (00006a00)     _ECap1Regs

00006f80     1be (00006f80)     _GpioCtrlRegs

00006fc0     1bf (00006fc0)     _GpioDataRegs
00006fe0     1bf (00006fc0)     _GpioIntRegs

00007010     1c0 (00007000)     _SysCtrlRegs

00007040     1c1 (00007040)     _SpiaRegs
00007050     1c1 (00007040)     _SciaRegs
00007060     1c1 (00007040)     _NmiIntruptRegs
00007070     1c1 (00007040)     _XIntruptRegs

00007100     1c4 (00007100)     _AdcRegs

00007900     1e4 (00007900)     _I2caRegs

003d7fff    f5ff (003d7fc0)     _PartIdRegs

003f798e    fde6 (003f7980)     __ctypes_

003f7a90    fdea (003f7a80)     _PieVectTableInit

003f7ff8    fdff (003f7fc0)     _CsmPwl


GLOBAL SYMBOLS: SORTED ALPHABETICALLY BY Name 

page  address   name                            
----  -------   ----                            
abs   ffffffff  .text                           
0     003f77dd  C$$EXIT                         
0     003f75f0  FS$$ADD                         
0     003f7913  FS$$CMP                         
0     003f74e7  FS$$DIV                         
0     003f76c0  FS$$MPY                         
0     003f75eb  FS$$SUB                         
0     003f7806  FS$$TOL                         
0     003f78a1  I$$DIV                          
0     003f78b2  I$$MOD                          
0     003f7962  U$$TOFS                         
0     003f7304  _ADCINT1_ISR                    
0     003f7309  _ADCINT2_ISR                    
0     003f7372  _ADCINT3_ISR                    
0     003f7377  _ADCINT4_ISR                    
0     003f737c  _ADCINT5_ISR                    
0     003f7381  _ADCINT6_ISR                    
0     003f7386  _ADCINT7_ISR                    
0     003f738b  _ADCINT8_ISR                    
0     003f7318  _ADCINT9_ISR                    
1     00007100  _AdcRegs                        
1     00000b00  _AdcResult                      
0     003f73da  _Atualiza_ADC                   
0     003f7696  _Atualiza_PWM                   
0     003f73ed  _Calcular_Valores_ADC           
1     00006400  _Comp1Regs                      
1     00006420  _Comp2Regs                      
1     0000070b  _CompA_StepUp                   
0     003f73a4  _Config_Adc                     
0     003f7672  _Config_EPwm_StepUp             
0     003f792a  _Config_Timer0                  
0     003f76a5  _Config_gpio                    
0     003f747b  _Config_sci                     
1     00000722  _CpuTimer0                      
1     00000c00  _CpuTimer0Regs                  
1     0000072a  _CpuTimer1                      
1     00000c08  _CpuTimer1Regs                  
1     00000732  _CpuTimer2                      
1     00000c10  _CpuTimer2Regs                  
1     003f7ff8  _CsmPwl                         
1     00000ae0  _CsmRegs                        
0     003f721e  _CsmUnlock                      
0     003f72af  _DATALOG_ISR                    
0     0000006b  _DSP28x_usDelay                 
1     00000880  _DevEmuRegs                     
0     003f718f  _DisableDog                     
0     003f734f  _ECAP1_INT_ISR                  
1     00006a00  _ECap1Regs                      
0     003f7395  _EMPTY_ISR                      
0     003f72b9  _EMUINT_ISR                     
0     003f733b  _EPWM1_INT_ISR                  
0     003f7327  _EPWM1_TZINT_ISR                
0     003f7340  _EPWM2_INT_ISR                  
0     003f732c  _EPWM2_TZINT_ISR                
0     003f7345  _EPWM3_INT_ISR                  
0     003f7331  _EPWM3_TZINT_ISR                
0     003f734a  _EPWM4_INT_ISR                  
0     003f7336  _EPWM4_TZINT_ISR                
1     00006800  _EPwm1Regs                      
1     00006840  _EPwm2Regs                      
1     00006880  _EPwm3Regs                      
1     000068c0  _EPwm4Regs                      
1     00000d01  _EmuBMode                       
1     00000d00  _EmuKey                         
0     003f784e  _EnableInterrupts               
0     003f728f  _ExtOscSel                      
1     00000a80  _FlashRegs                      
1     00000d04  _Flash_CPUScaleFactor           
1     00000d02  _Flash_CallbackPtr              
1     00006f80  _GpioCtrlRegs                   
1     00006fc0  _GpioDataRegs                   
1     00006fe0  _GpioIntRegs                    
0     003f735e  _I2CINT1A_ISR                   
0     003f7363  _I2CINT2A_ISR                   
1     00007900  _I2caRegs                       
0     003f72c3  _ILLEGAL_ISR                    
0     003f72a5  _INT13_ISR                      
0     003f72aa  _INT14_ISR                      
1     00000718  _Iadc                           
0     003f756a  _InitEPwm                       
0     003f7574  _InitEPwm1Gpio                  
0     003f7586  _InitEPwm2Gpio                  
0     003f7598  _InitEPwm3Gpio                  
0     003f75ac  _InitEPwm4Gpio                  
0     003f756b  _InitEPwmGpio                   
0     003f75c0  _InitEPwmSyncGpio               
0     00000050  _InitFlash                      
0     003f793e  _InitGpio                       
0     003f71ec  _InitPeripheralClocks           
0     003f782f  _InitPieCtrl                    
0     003f7857  _InitPieVectTable               
0     003f7197  _InitPll                        
0     003f78e0  _InitSci                        
0     003f78e1  _InitSciGpio                    
0     003f78e4  _InitSciaGpio                   
0     003f716b  _InitSysCtrl                    
0     003f75d0  _InitTzGpio                     
0     003f724f  _IntOsc1Sel                     
0     003f725f  _IntOsc2Sel                     
1     00000716  _Io                             
0     003f72be  _NMI_ISR                        
1     00007060  _NmiIntruptRegs                 
0     003f739a  _PIE_RESERVED                   
1     003d7fff  _PartIdRegs                     
1     00000ce0  _PieCtrlRegs                    
1     00000d00  _PieVectTable                   
0     003f7a90  _PieVectTableInit               
0     003f72b4  _RTOSINT_ISR                    
abs   0000001f  _RamfuncsLoadSize               
0     003f7000  _RamfuncsLoadStart              
0     00000050  _RamfuncsRunStart               
0     003f7368  _SCIRXINTA_ISR                  
0     003f736d  _SCITXINTA_ISR                  
0     003f7354  _SPIRXINTA_ISR                  
0     003f7359  _SPITXINTA_ISR                  
1     00007050  _SciaRegs                       
0     003f7185  _ServiceDog                     
1     00007040  _SpiaRegs                       
1     00007010  _SysCtrlRegs                    
1     00000985  _SysPwrCtrlRegs                 
0     003f731d  _TINT0_ISR                      
0     003f78fa  _Timer0_isr                     
0     003f72f5  _USER10_ISR                     
0     003f72fa  _USER11_ISR                     
0     003f72ff  _USER12_ISR                     
0     003f72c8  _USER1_ISR                      
0     003f72cd  _USER2_ISR                      
0     003f72d2  _USER3_ISR                      
0     003f72d7  _USER4_ISR                      
0     003f72dc  _USER5_ISR                      
0     003f72e1  _USER6_ISR                      
0     003f72e6  _USER7_ISR                      
0     003f72eb  _USER8_ISR                      
0     003f72f0  _USER9_ISR                      
1     0000071a  _Vadc                           
1     00000714  _Vo                             
1     00000720  _Vref                           
0     003f7322  _WAKEINT_ISR                    
0     003f730e  _XINT1_ISR                      
0     003f7313  _XINT2_ISR                      
0     003f7390  _XINT3_ISR                      
1     00007070  _XIntruptRegs                   
0     003f7273  _XtalOscSel                     
1     00000700  __STACK_END                     
abs   00000300  __STACK_SIZE                    
1     0000073c  ___TI_cleanup_ptr               
1     0000073e  ___TI_dtors_ptr                 
1     0000073a  ___TI_enable_exit_profile_output
abs   ffffffff  ___TI_pprof_out_hndl            
abs   ffffffff  ___TI_prof_data_size            
abs   ffffffff  ___TI_prof_data_start           
abs   ffffffff  ___binit__                      
abs   ffffffff  ___c_args__                     
0     003f7ba4  ___cinit__                      
abs   ffffffff  ___etext__                      
abs   ffffffff  ___pinit__                      
abs   ffffffff  ___text__                       
0     003f7951  __args_main                     
0     003f798e  __ctypes_                       
1     0000075a  __lock                          
0     003f797a  __nop                           
0     003f7976  __register_lock                 
0     003f7972  __register_unlock               
1     00000400  __stack                         
0     003f798d  __system_post_cinit             
0     003f798b  __system_pre_init               
1     0000075c  __unlock                        
0     003f77dd  _abort                          
0     003f77ac  _atoi                           
0     003f771a  _c_int00                        
1     00000740  _charUSART                      
1     00000703  _controlo                       
0     003f787d  _copy_in                        
1     00000750  _duty_c                         
1     0000070e  _erro                           
0     003f77df  _exit                           
1     00000705  _flag_ADC                       
1     00000704  _flag_Timer0                    
1     00000706  _flag_atualiza_Duty             
1     00000707  _flag_periodic_sample_low       
1     00000701  _i                              
1     00000710  _integral                       
1     0000071c  _ki                             
1     0000071e  _kp                             
0     003f7049  _main                           
0     003f78c3  _memcpy                         
1     00000708  _my_DC                          
0     003f74b7  _my_itoa                        
1     0000070d  _operation_mode                 
0     003f701f  _pi                             
1     00000712  _pwm_ctrl                       
1     00000700  _receive_sci                    
0     003f7494  _reverse                        
0     003f739f  _rsvd_ISR                       
1     00000755  _s                              
0     003f776e  _sciaRx_isr                     
0     003f7459  _scia_xmit                      
1     00000709  _sensorSampleI                  
1     0000070a  _sensorSampleV                  
0     003f7663  _srs_limites                    
1     00000702  _stop                           
0     003f7983  _strlen                         
1     0000070c  _valor_Atoi                     
abs   ffffffff  binit                           
0     003f7ba4  cinit                           
0     003f7ff6  code_start                      
abs   ffffffff  etext                           
abs   ffffffff  pinit                           


GLOBAL SYMBOLS: SORTED BY Symbol Address 

page  address   name                            
----  -------   ----                            
0     00000050  _InitFlash                      
0     00000050  _RamfuncsRunStart               
0     0000006b  _DSP28x_usDelay                 
0     003f7000  _RamfuncsLoadStart              
0     003f701f  _pi                             
0     003f7049  _main                           
0     003f716b  _InitSysCtrl                    
0     003f7185  _ServiceDog                     
0     003f718f  _DisableDog                     
0     003f7197  _InitPll                        
0     003f71ec  _InitPeripheralClocks           
0     003f721e  _CsmUnlock                      
0     003f724f  _IntOsc1Sel                     
0     003f725f  _IntOsc2Sel                     
0     003f7273  _XtalOscSel                     
0     003f728f  _ExtOscSel                      
0     003f72a5  _INT13_ISR                      
0     003f72aa  _INT14_ISR                      
0     003f72af  _DATALOG_ISR                    
0     003f72b4  _RTOSINT_ISR                    
0     003f72b9  _EMUINT_ISR                     
0     003f72be  _NMI_ISR                        
0     003f72c3  _ILLEGAL_ISR                    
0     003f72c8  _USER1_ISR                      
0     003f72cd  _USER2_ISR                      
0     003f72d2  _USER3_ISR                      
0     003f72d7  _USER4_ISR                      
0     003f72dc  _USER5_ISR                      
0     003f72e1  _USER6_ISR                      
0     003f72e6  _USER7_ISR                      
0     003f72eb  _USER8_ISR                      
0     003f72f0  _USER9_ISR                      
0     003f72f5  _USER10_ISR                     
0     003f72fa  _USER11_ISR                     
0     003f72ff  _USER12_ISR                     
0     003f7304  _ADCINT1_ISR                    
0     003f7309  _ADCINT2_ISR                    
0     003f730e  _XINT1_ISR                      
0     003f7313  _XINT2_ISR                      
0     003f7318  _ADCINT9_ISR                    
0     003f731d  _TINT0_ISR                      
0     003f7322  _WAKEINT_ISR                    
0     003f7327  _EPWM1_TZINT_ISR                
0     003f732c  _EPWM2_TZINT_ISR                
0     003f7331  _EPWM3_TZINT_ISR                
0     003f7336  _EPWM4_TZINT_ISR                
0     003f733b  _EPWM1_INT_ISR                  
0     003f7340  _EPWM2_INT_ISR                  
0     003f7345  _EPWM3_INT_ISR                  
0     003f734a  _EPWM4_INT_ISR                  
0     003f734f  _ECAP1_INT_ISR                  
0     003f7354  _SPIRXINTA_ISR                  
0     003f7359  _SPITXINTA_ISR                  
0     003f735e  _I2CINT1A_ISR                   
0     003f7363  _I2CINT2A_ISR                   
0     003f7368  _SCIRXINTA_ISR                  
0     003f736d  _SCITXINTA_ISR                  
0     003f7372  _ADCINT3_ISR                    
0     003f7377  _ADCINT4_ISR                    
0     003f737c  _ADCINT5_ISR                    
0     003f7381  _ADCINT6_ISR                    
0     003f7386  _ADCINT7_ISR                    
0     003f738b  _ADCINT8_ISR                    
0     003f7390  _XINT3_ISR                      
0     003f7395  _EMPTY_ISR                      
0     003f739a  _PIE_RESERVED                   
0     003f739f  _rsvd_ISR                       
0     003f73a4  _Config_Adc                     
0     003f73da  _Atualiza_ADC                   
0     003f73ed  _Calcular_Valores_ADC           
0     003f7459  _scia_xmit                      
0     003f747b  _Config_sci                     
0     003f7494  _reverse                        
0     003f74b7  _my_itoa                        
0     003f74e7  FS$$DIV                         
0     003f756a  _InitEPwm                       
0     003f756b  _InitEPwmGpio                   
0     003f7574  _InitEPwm1Gpio                  
0     003f7586  _InitEPwm2Gpio                  
0     003f7598  _InitEPwm3Gpio                  
0     003f75ac  _InitEPwm4Gpio                  
0     003f75c0  _InitEPwmSyncGpio               
0     003f75d0  _InitTzGpio                     
0     003f75eb  FS$$SUB                         
0     003f75f0  FS$$ADD                         
0     003f7663  _srs_limites                    
0     003f7672  _Config_EPwm_StepUp             
0     003f7696  _Atualiza_PWM                   
0     003f76a5  _Config_gpio                    
0     003f76c0  FS$$MPY                         
0     003f771a  _c_int00                        
0     003f776e  _sciaRx_isr                     
0     003f77ac  _atoi                           
0     003f77dd  C$$EXIT                         
0     003f77dd  _abort                          
0     003f77df  _exit                           
0     003f7806  FS$$TOL                         
0     003f782f  _InitPieCtrl                    
0     003f784e  _EnableInterrupts               
0     003f7857  _InitPieVectTable               
0     003f787d  _copy_in                        
0     003f78a1  I$$DIV                          
0     003f78b2  I$$MOD                          
0     003f78c3  _memcpy                         
0     003f78e0  _InitSci                        
0     003f78e1  _InitSciGpio                    
0     003f78e4  _InitSciaGpio                   
0     003f78fa  _Timer0_isr                     
0     003f7913  FS$$CMP                         
0     003f792a  _Config_Timer0                  
0     003f793e  _InitGpio                       
0     003f7951  __args_main                     
0     003f7962  U$$TOFS                         
0     003f7972  __register_unlock               
0     003f7976  __register_lock                 
0     003f797a  __nop                           
0     003f7983  _strlen                         
0     003f798b  __system_pre_init               
0     003f798d  __system_post_cinit             
0     003f798e  __ctypes_                       
0     003f7a90  _PieVectTableInit               
0     003f7ba4  ___cinit__                      
0     003f7ba4  cinit                           
0     003f7ff6  code_start                      
1     00000400  __stack                         
1     00000700  __STACK_END                     
1     00000700  _receive_sci                    
1     00000701  _i                              
1     00000702  _stop                           
1     00000703  _controlo                       
1     00000704  _flag_Timer0                    
1     00000705  _flag_ADC                       
1     00000706  _flag_atualiza_Duty             
1     00000707  _flag_periodic_sample_low       
1     00000708  _my_DC                          
1     00000709  _sensorSampleI                  
1     0000070a  _sensorSampleV                  
1     0000070b  _CompA_StepUp                   
1     0000070c  _valor_Atoi                     
1     0000070d  _operation_mode                 
1     0000070e  _erro                           
1     00000710  _integral                       
1     00000712  _pwm_ctrl                       
1     00000714  _Vo                             
1     00000716  _Io                             
1     00000718  _Iadc                           
1     0000071a  _Vadc                           
1     0000071c  _ki                             
1     0000071e  _kp                             
1     00000720  _Vref                           
1     00000722  _CpuTimer0                      
1     0000072a  _CpuTimer1                      
1     00000732  _CpuTimer2                      
1     0000073a  ___TI_enable_exit_profile_output
1     0000073c  ___TI_cleanup_ptr               
1     0000073e  ___TI_dtors_ptr                 
1     00000740  _charUSART                      
1     00000750  _duty_c                         
1     00000755  _s                              
1     0000075a  __lock                          
1     0000075c  __unlock                        
1     00000880  _DevEmuRegs                     
1     00000985  _SysPwrCtrlRegs                 
1     00000a80  _FlashRegs                      
1     00000ae0  _CsmRegs                        
1     00000b00  _AdcResult                      
1     00000c00  _CpuTimer0Regs                  
1     00000c08  _CpuTimer1Regs                  
1     00000c10  _CpuTimer2Regs                  
1     00000ce0  _PieCtrlRegs                    
1     00000d00  _EmuKey                         
1     00000d00  _PieVectTable                   
1     00000d01  _EmuBMode                       
1     00000d02  _Flash_CallbackPtr              
1     00000d04  _Flash_CPUScaleFactor           
1     00006400  _Comp1Regs                      
1     00006420  _Comp2Regs                      
1     00006800  _EPwm1Regs                      
1     00006840  _EPwm2Regs                      
1     00006880  _EPwm3Regs                      
1     000068c0  _EPwm4Regs                      
1     00006a00  _ECap1Regs                      
1     00006f80  _GpioCtrlRegs                   
1     00006fc0  _GpioDataRegs                   
1     00006fe0  _GpioIntRegs                    
1     00007010  _SysCtrlRegs                    
1     00007040  _SpiaRegs                       
1     00007050  _SciaRegs                       
1     00007060  _NmiIntruptRegs                 
1     00007070  _XIntruptRegs                   
1     00007100  _AdcRegs                        
1     00007900  _I2caRegs                       
1     003d7fff  _PartIdRegs                     
1     003f7ff8  _CsmPwl                         
abs   0000001f  _RamfuncsLoadSize               
abs   00000300  __STACK_SIZE                    
abs   ffffffff  .text                           
abs   ffffffff  ___TI_pprof_out_hndl            
abs   ffffffff  ___TI_prof_data_size            
abs   ffffffff  ___TI_prof_data_start           
abs   ffffffff  ___binit__                      
abs   ffffffff  ___c_args__                     
abs   ffffffff  ___etext__                      
abs   ffffffff  ___pinit__                      
abs   ffffffff  ___text__                       
abs   ffffffff  binit                           
abs   ffffffff  etext                           
abs   ffffffff  pinit                           

[208 symbols]
